[0.018s] Invoking command in '/home/lucia/Escritorio/CyberWaiter/build/cyberwaiter_mission': CMAKE_PREFIX_PATH=${CMAKE_PREFIX_PATH}:/home/lucia/workspace/ros_humble_ur_driver/install/rqt_joint_trajectory_controller:/home/lucia/workspace/ros_humble_ur_driver/install/rqt_controller_manager:/home/lucia/workspace/ros_humble_ur_driver/install/ros2controlcli:/home/lucia/workspace/ros_humble_ur_driver/install/ros2_controllers_test_nodes:/home/lucia/ros2_ws/install/easy_handeye2:/home/lucia/ros2_ws/install/brazo_real_control:/opt/ros/humble /usr/bin/cmake /home/lucia/Escritorio/CyberWaiter/src/cyberwaiter_mission -DCMAKE_INSTALL_PREFIX=/home/lucia/Escritorio/CyberWaiter/install/cyberwaiter_mission
[0.090s] -- The C compiler identification is GNU 11.4.0
[0.141s] -- The CXX compiler identification is GNU 11.4.0
[0.150s] -- Detecting C compiler ABI info
[0.230s] -- Detecting C compiler ABI info - done
[0.237s] -- Check for working C compiler: /usr/bin/cc - skipped
[0.237s] -- Detecting C compile features
[0.237s] -- Detecting C compile features - done
[0.239s] -- Detecting CXX compiler ABI info
[0.327s] -- Detecting CXX compiler ABI info - done
[0.332s] -- Check for working CXX compiler: /usr/bin/c++ - skipped
[0.332s] -- Detecting CXX compile features
[0.333s] -- Detecting CXX compile features - done
[0.338s] -- Found ament_cmake: 1.3.14 (/opt/ros/humble/share/ament_cmake/cmake)
[0.529s] -- Found Python3: /usr/bin/python3 (found version "3.10.12") found components: Interpreter 
[0.705s] -- Found rclcpp: 16.0.19 (/opt/ros/humble/share/rclcpp/cmake)
[0.772s] -- Found rosidl_generator_c: 3.1.8 (/opt/ros/humble/share/rosidl_generator_c/cmake)
[0.782s] -- Found rosidl_adapter: 3.1.8 (/opt/ros/humble/share/rosidl_adapter/cmake)
[0.795s] -- Found rosidl_generator_cpp: 3.1.8 (/opt/ros/humble/share/rosidl_generator_cpp/cmake)
[0.813s] -- Using all available rosidl_typesupport_c: rosidl_typesupport_fastrtps_c;rosidl_typesupport_introspection_c
[0.839s] -- Using all available rosidl_typesupport_cpp: rosidl_typesupport_fastrtps_cpp;rosidl_typesupport_introspection_cpp
[0.911s] -- Found rmw_implementation_cmake: 6.1.2 (/opt/ros/humble/share/rmw_implementation_cmake/cmake)
[0.919s] -- Found rmw_fastrtps_cpp: 6.2.10 (/opt/ros/humble/share/rmw_fastrtps_cpp/cmake)
[1.044s] -- Found OpenSSL: /usr/lib/x86_64-linux-gnu/libcrypto.so (found version "3.0.2")  
[1.071s] -- Found FastRTPS: /opt/ros/humble/include  
[1.122s] -- Using RMW implementation 'rmw_fastrtps_cpp' as default
[1.138s] -- Looking for pthread.h
[1.223s] -- Looking for pthread.h - found
[1.224s] -- Performing Test CMAKE_HAVE_LIBC_PTHREAD
[1.315s] -- Performing Test CMAKE_HAVE_LIBC_PTHREAD - Success
[1.317s] -- Found Threads: TRUE  
[1.368s] -- Found geometry_msgs: 4.9.1 (/opt/ros/humble/share/geometry_msgs/cmake)
[1.380s] -- Found tf2: 0.25.20 (/opt/ros/humble/share/tf2/cmake)
[1.394s] -- Found tf2_geometry_msgs: 0.25.20 (/opt/ros/humble/share/tf2_geometry_msgs/cmake)
[1.416s] -- Found eigen3_cmake_module: 0.1.1 (/opt/ros/humble/share/eigen3_cmake_module/cmake)
[1.417s] -- Found Eigen3: TRUE (found version "3.4.0") 
[1.417s] -- Ensuring Eigen3 include directory is part of orocos-kdl CMake target
[1.524s] -- Found ament_lint_auto: 0.12.15 (/opt/ros/humble/share/ament_lint_auto/cmake)
[1.617s] -- Added test 'cppcheck' to perform static code analysis on C / C++ code
[1.617s] -- Configured cppcheck include dirs: 
[1.617s] -- Configured cppcheck exclude dirs and/or files: 
[1.617s] -- Added test 'flake8' to check Python code syntax and style conventions
[1.618s] -- Added test 'lint_cmake' to check CMake code style
[1.619s] -- Added test 'pep257' to check Python code against some of the docstring style conventions in PEP 257
[1.620s] -- Added test 'uncrustify' to check C / C++ code style
[1.620s] -- Configured uncrustify additional arguments: 
[1.621s] -- Added test 'xmllint' to check XML markup files
[1.623s] -- Configuring done
[1.630s] -- Generating done
[1.632s] -- Build files have been written to: /home/lucia/Escritorio/CyberWaiter/build/cyberwaiter_mission
[1.640s] Invoked command in '/home/lucia/Escritorio/CyberWaiter/build/cyberwaiter_mission' returned '0': CMAKE_PREFIX_PATH=${CMAKE_PREFIX_PATH}:/home/lucia/workspace/ros_humble_ur_driver/install/rqt_joint_trajectory_controller:/home/lucia/workspace/ros_humble_ur_driver/install/rqt_controller_manager:/home/lucia/workspace/ros_humble_ur_driver/install/ros2controlcli:/home/lucia/workspace/ros_humble_ur_driver/install/ros2_controllers_test_nodes:/home/lucia/ros2_ws/install/easy_handeye2:/home/lucia/ros2_ws/install/brazo_real_control:/opt/ros/humble /usr/bin/cmake /home/lucia/Escritorio/CyberWaiter/src/cyberwaiter_mission -DCMAKE_INSTALL_PREFIX=/home/lucia/Escritorio/CyberWaiter/install/cyberwaiter_mission
[1.642s] Invoking command in '/home/lucia/Escritorio/CyberWaiter/build/cyberwaiter_mission': CMAKE_PREFIX_PATH=${CMAKE_PREFIX_PATH}:/home/lucia/workspace/ros_humble_ur_driver/install/rqt_joint_trajectory_controller:/home/lucia/workspace/ros_humble_ur_driver/install/rqt_controller_manager:/home/lucia/workspace/ros_humble_ur_driver/install/ros2controlcli:/home/lucia/workspace/ros_humble_ur_driver/install/ros2_controllers_test_nodes:/home/lucia/ros2_ws/install/easy_handeye2:/home/lucia/ros2_ws/install/brazo_real_control:/opt/ros/humble /usr/bin/cmake --build /home/lucia/Escritorio/CyberWaiter/build/cyberwaiter_mission -- -j16 -l16
[1.705s] [ 50%] [32mBuilding CXX object CMakeFiles/Mision_Control.dir/src/mision_control.cpp.o[0m
[3.595s] /home/lucia/Escritorio/CyberWaiter/src/cyberwaiter_mission/src/mision_control.cpp: In member function ‘void MisionController::logic(int)’:
[3.595s] /home/lucia/Escritorio/CyberWaiter/src/cyberwaiter_mission/src/mision_control.cpp:140:52: warning: comparison of integer expressions of different signedness: ‘int’ and ‘std::vector<int>::size_type’ {aka ‘long unsigned int’} [-Wsign-compare]
[3.595s]   140 |                                 if (counter_pedido == pedido.size()){
[3.595s]       |                                     ~~~~~~~~~~~~~~~^~~~~~~~~~~~~~~~
[12.525s] [100%] [32m[1mLinking CXX executable Mision_Control[0m
[13.079s] [100%] Built target Mision_Control
[13.091s] Invoked command in '/home/lucia/Escritorio/CyberWaiter/build/cyberwaiter_mission' returned '0': CMAKE_PREFIX_PATH=${CMAKE_PREFIX_PATH}:/home/lucia/workspace/ros_humble_ur_driver/install/rqt_joint_trajectory_controller:/home/lucia/workspace/ros_humble_ur_driver/install/rqt_controller_manager:/home/lucia/workspace/ros_humble_ur_driver/install/ros2controlcli:/home/lucia/workspace/ros_humble_ur_driver/install/ros2_controllers_test_nodes:/home/lucia/ros2_ws/install/easy_handeye2:/home/lucia/ros2_ws/install/brazo_real_control:/opt/ros/humble /usr/bin/cmake --build /home/lucia/Escritorio/CyberWaiter/build/cyberwaiter_mission -- -j16 -l16
[13.093s] Invoking command in '/home/lucia/Escritorio/CyberWaiter/build/cyberwaiter_mission': CMAKE_PREFIX_PATH=${CMAKE_PREFIX_PATH}:/home/lucia/workspace/ros_humble_ur_driver/install/rqt_joint_trajectory_controller:/home/lucia/workspace/ros_humble_ur_driver/install/rqt_controller_manager:/home/lucia/workspace/ros_humble_ur_driver/install/ros2controlcli:/home/lucia/workspace/ros_humble_ur_driver/install/ros2_controllers_test_nodes:/home/lucia/ros2_ws/install/easy_handeye2:/home/lucia/ros2_ws/install/brazo_real_control:/opt/ros/humble /usr/bin/cmake --install /home/lucia/Escritorio/CyberWaiter/build/cyberwaiter_mission
[13.102s] -- Install configuration: ""
[13.102s] -- Installing: /home/lucia/Escritorio/CyberWaiter/install/cyberwaiter_mission/lib/cyberwaiter_mission/Mision_Control
[13.105s] -- Set runtime path of "/home/lucia/Escritorio/CyberWaiter/install/cyberwaiter_mission/lib/cyberwaiter_mission/Mision_Control" to ""
[13.105s] -- Installing: /home/lucia/Escritorio/CyberWaiter/install/cyberwaiter_mission/lib/cyberwaiter_mission/interfaz.py
[13.106s] -- Installing: /home/lucia/Escritorio/CyberWaiter/install/cyberwaiter_mission/share/cyberwaiter_mission/launch
[13.106s] -- Installing: /home/lucia/Escritorio/CyberWaiter/install/cyberwaiter_mission/share/cyberwaiter_mission/launch/cyberwaiter.launch.py
[13.106s] -- Installing: /home/lucia/Escritorio/CyberWaiter/install/cyberwaiter_mission/share/ament_index/resource_index/package_run_dependencies/cyberwaiter_mission
[13.106s] -- Installing: /home/lucia/Escritorio/CyberWaiter/install/cyberwaiter_mission/share/ament_index/resource_index/parent_prefix_path/cyberwaiter_mission
[13.106s] -- Installing: /home/lucia/Escritorio/CyberWaiter/install/cyberwaiter_mission/share/cyberwaiter_mission/environment/ament_prefix_path.sh
[13.106s] -- Installing: /home/lucia/Escritorio/CyberWaiter/install/cyberwaiter_mission/share/cyberwaiter_mission/environment/ament_prefix_path.dsv
[13.106s] -- Installing: /home/lucia/Escritorio/CyberWaiter/install/cyberwaiter_mission/share/cyberwaiter_mission/environment/path.sh
[13.106s] -- Installing: /home/lucia/Escritorio/CyberWaiter/install/cyberwaiter_mission/share/cyberwaiter_mission/environment/path.dsv
[13.106s] -- Installing: /home/lucia/Escritorio/CyberWaiter/install/cyberwaiter_mission/share/cyberwaiter_mission/local_setup.bash
[13.106s] -- Installing: /home/lucia/Escritorio/CyberWaiter/install/cyberwaiter_mission/share/cyberwaiter_mission/local_setup.sh
[13.106s] -- Installing: /home/lucia/Escritorio/CyberWaiter/install/cyberwaiter_mission/share/cyberwaiter_mission/local_setup.zsh
[13.107s] -- Installing: /home/lucia/Escritorio/CyberWaiter/install/cyberwaiter_mission/share/cyberwaiter_mission/local_setup.dsv
[13.107s] -- Installing: /home/lucia/Escritorio/CyberWaiter/install/cyberwaiter_mission/share/cyberwaiter_mission/package.dsv
[13.107s] -- Installing: /home/lucia/Escritorio/CyberWaiter/install/cyberwaiter_mission/share/ament_index/resource_index/packages/cyberwaiter_mission
[13.107s] -- Installing: /home/lucia/Escritorio/CyberWaiter/install/cyberwaiter_mission/share/cyberwaiter_mission/cmake/cyberwaiter_missionConfig.cmake
[13.107s] -- Installing: /home/lucia/Escritorio/CyberWaiter/install/cyberwaiter_mission/share/cyberwaiter_mission/cmake/cyberwaiter_missionConfig-version.cmake
[13.107s] -- Installing: /home/lucia/Escritorio/CyberWaiter/install/cyberwaiter_mission/share/cyberwaiter_mission/package.xml
[13.108s] Invoked command in '/home/lucia/Escritorio/CyberWaiter/build/cyberwaiter_mission' returned '0': CMAKE_PREFIX_PATH=${CMAKE_PREFIX_PATH}:/home/lucia/workspace/ros_humble_ur_driver/install/rqt_joint_trajectory_controller:/home/lucia/workspace/ros_humble_ur_driver/install/rqt_controller_manager:/home/lucia/workspace/ros_humble_ur_driver/install/ros2controlcli:/home/lucia/workspace/ros_humble_ur_driver/install/ros2_controllers_test_nodes:/home/lucia/ros2_ws/install/easy_handeye2:/home/lucia/ros2_ws/install/brazo_real_control:/opt/ros/humble /usr/bin/cmake --install /home/lucia/Escritorio/CyberWaiter/build/cyberwaiter_mission
