[0.013s] Invoking command in '/home/irene/cyberwaiter/build/LAyR': CMAKE_PREFIX_PATH=${CMAKE_PREFIX_PATH}:/opt/ros/humble /usr/bin/cmake /home/irene/cyberwaiter/vision -DCMAKE_INSTALL_PREFIX=/home/irene/cyberwaiter/install/LAyR
[0.081s] -- The C compiler identification is GNU 11.4.0
[0.147s] -- The CXX compiler identification is GNU 11.4.0
[0.153s] -- Detecting C compiler ABI info
[0.217s] -- Detecting C compiler ABI info - done
[0.222s] -- Check for working C compiler: /usr/bin/cc - skipped
[0.222s] -- Detecting C compile features
[0.223s] -- Detecting C compile features - done
[0.225s] -- Detecting CXX compiler ABI info
[0.302s] -- Detecting CXX compiler ABI info - done
[0.308s] -- Check for working CXX compiler: /usr/bin/c++ - skipped
[0.308s] -- Detecting CXX compile features
[0.309s] -- Detecting CXX compile features - done
[0.311s] -- Found ament_cmake: 1.3.12 (/opt/ros/humble/share/ament_cmake/cmake)
[0.428s] -- Found Python3: /usr/bin/python3 (found version "3.10.12") found components: Interpreter 
[0.501s] -- Found rclcpp: 16.0.17 (/opt/ros/humble/share/rclcpp/cmake)
[0.538s] -- Found rosidl_generator_c: 3.1.8 (/opt/ros/humble/share/rosidl_generator_c/cmake)
[0.542s] -- Found rosidl_adapter: 3.1.8 (/opt/ros/humble/share/rosidl_adapter/cmake)
[0.549s] -- Found rosidl_generator_cpp: 3.1.8 (/opt/ros/humble/share/rosidl_generator_cpp/cmake)
[0.559s] -- Using all available rosidl_typesupport_c: rosidl_typesupport_fastrtps_c;rosidl_typesupport_introspection_c
[0.571s] -- Using all available rosidl_typesupport_cpp: rosidl_typesupport_fastrtps_cpp;rosidl_typesupport_introspection_cpp
[0.607s] -- Found rmw_implementation_cmake: 6.1.2 (/opt/ros/humble/share/rmw_implementation_cmake/cmake)
[0.609s] -- Found rmw_fastrtps_cpp: 6.2.9 (/opt/ros/humble/share/rmw_fastrtps_cpp/cmake)
[0.702s] -- Found OpenSSL: /usr/lib/x86_64-linux-gnu/libcrypto.so (found version "3.0.2")  
[0.728s] -- Found FastRTPS: /opt/ros/humble/include  
[0.769s] -- Using RMW implementation 'rmw_fastrtps_cpp' as default
[0.776s] -- Looking for pthread.h
[0.846s] -- Looking for pthread.h - found
[0.846s] -- Performing Test CMAKE_HAVE_LIBC_PTHREAD
[0.916s] -- Performing Test CMAKE_HAVE_LIBC_PTHREAD - Success
[0.917s] -- Found Threads: TRUE  
[0.956s] -- Found sensor_msgs: 4.9.0 (/opt/ros/humble/share/sensor_msgs/cmake)
[0.979s] -- Found cv_bridge: 3.2.1 (/opt/ros/humble/share/cv_bridge/cmake)
[0.990s] -- Found OpenCV: /usr (found version "4.5.4") 
[1.029s] WARNING: Package name "LAyR" does not follow the naming conventions. It should start with a lower case letter and only contain lower case letters, digits, underscores, and dashes.
[1.039s] -- Configuring done
[1.050s] -- Generating done
[1.053s] -- Build files have been written to: /home/irene/cyberwaiter/build/LAyR
[1.062s] Invoked command in '/home/irene/cyberwaiter/build/LAyR' returned '0': CMAKE_PREFIX_PATH=${CMAKE_PREFIX_PATH}:/opt/ros/humble /usr/bin/cmake /home/irene/cyberwaiter/vision -DCMAKE_INSTALL_PREFIX=/home/irene/cyberwaiter/install/LAyR
[1.064s] Invoking command in '/home/irene/cyberwaiter/build/LAyR': CMAKE_PREFIX_PATH=${CMAKE_PREFIX_PATH}:/opt/ros/humble /usr/bin/cmake --build /home/irene/cyberwaiter/build/LAyR -- -j16 -l16
[1.112s] [ 50%] [32mBuilding CXX object CMakeFiles/visualizador_c.dir/src/visualizador_c.cpp.o[0m
[7.635s] [100%] [32m[1mLinking CXX executable visualizador_c[0m
[8.213s] [100%] Built target visualizador_c
[8.223s] Invoked command in '/home/irene/cyberwaiter/build/LAyR' returned '0': CMAKE_PREFIX_PATH=${CMAKE_PREFIX_PATH}:/opt/ros/humble /usr/bin/cmake --build /home/irene/cyberwaiter/build/LAyR -- -j16 -l16
[8.235s] Invoking command in '/home/irene/cyberwaiter/build/LAyR': CMAKE_PREFIX_PATH=${CMAKE_PREFIX_PATH}:/opt/ros/humble /usr/bin/cmake --install /home/irene/cyberwaiter/build/LAyR
[8.241s] -- Install configuration: ""
[8.241s] -- Installing: /home/irene/cyberwaiter/install/LAyR/lib/LAyR/visualizador_c
[8.245s] -- Set runtime path of "/home/irene/cyberwaiter/install/LAyR/lib/LAyR/visualizador_c" to ""
[8.245s] -- Installing: /home/irene/cyberwaiter/install/LAyR/share/ament_index/resource_index/package_run_dependencies/LAyR
[8.245s] -- Installing: /home/irene/cyberwaiter/install/LAyR/share/ament_index/resource_index/parent_prefix_path/LAyR
[8.245s] -- Installing: /home/irene/cyberwaiter/install/LAyR/share/LAyR/environment/ament_prefix_path.sh
[8.245s] -- Installing: /home/irene/cyberwaiter/install/LAyR/share/LAyR/environment/ament_prefix_path.dsv
[8.246s] -- Installing: /home/irene/cyberwaiter/install/LAyR/share/LAyR/environment/path.sh
[8.246s] -- Installing: /home/irene/cyberwaiter/install/LAyR/share/LAyR/environment/path.dsv
[8.246s] -- Installing: /home/irene/cyberwaiter/install/LAyR/share/LAyR/local_setup.bash
[8.246s] -- Installing: /home/irene/cyberwaiter/install/LAyR/share/LAyR/local_setup.sh
[8.246s] -- Installing: /home/irene/cyberwaiter/install/LAyR/share/LAyR/local_setup.zsh
[8.246s] -- Installing: /home/irene/cyberwaiter/install/LAyR/share/LAyR/local_setup.dsv
[8.247s] -- Installing: /home/irene/cyberwaiter/install/LAyR/share/LAyR/package.dsv
[8.247s] -- Installing: /home/irene/cyberwaiter/install/LAyR/share/ament_index/resource_index/packages/LAyR
[8.247s] -- Installing: /home/irene/cyberwaiter/install/LAyR/share/LAyR/cmake/LAyRConfig.cmake
[8.247s] -- Installing: /home/irene/cyberwaiter/install/LAyR/share/LAyR/cmake/LAyRConfig-version.cmake
[8.247s] -- Installing: /home/irene/cyberwaiter/install/LAyR/share/LAyR/package.xml
[8.250s] Invoked command in '/home/irene/cyberwaiter/build/LAyR' returned '0': CMAKE_PREFIX_PATH=${CMAKE_PREFIX_PATH}:/opt/ros/humble /usr/bin/cmake --install /home/irene/cyberwaiter/build/LAyR
