[0.070s] DEBUG:colcon:Command line arguments: ['/usr/bin/colcon', 'build']
[0.070s] DEBUG:colcon:Parsed command line arguments: Namespace(log_base=None, log_level=None, verb_name='build', build_base='build', install_base='install', merge_install=False, symlink_install=False, test_result_base=None, continue_on_error=False, executor='parallel', parallel_workers=16, event_handlers=None, ignore_user_meta=False, metas=['./colcon.meta'], base_paths=['.'], packages_ignore=None, packages_ignore_regex=None, paths=None, packages_up_to=None, packages_up_to_regex=None, packages_above=None, packages_above_and_dependencies=None, packages_above_depth=None, packages_select_by_dep=None, packages_skip_by_dep=None, packages_skip_up_to=None, packages_select_build_failed=False, packages_skip_build_finished=False, packages_select_test_failures=False, packages_skip_test_passed=False, packages_select=None, packages_skip=None, packages_select_regex=None, packages_skip_regex=None, packages_start=None, packages_end=None, allow_overriding=[], cmake_args=None, cmake_target=None, cmake_target_skip_unavailable=False, cmake_clean_cache=False, cmake_clean_first=False, cmake_force_configure=False, ament_cmake_args=None, catkin_cmake_args=None, catkin_skip_building_tests=False, verb_parser=<colcon_defaults.argument_parser.defaults.DefaultArgumentsDecorator object at 0x7fe6f4c8dcf0>, verb_extension=<colcon_core.verb.build.BuildVerb object at 0x7fe6f4c8d7e0>, main=<bound method BuildVerb.main of <colcon_core.verb.build.BuildVerb object at 0x7fe6f4c8d7e0>>)
[0.187s] Level 1:colcon.colcon_core.package_discovery:discover_packages(colcon_meta) check parameters
[0.187s] Level 1:colcon.colcon_core.package_discovery:discover_packages(recursive) check parameters
[0.187s] Level 1:colcon.colcon_core.package_discovery:discover_packages(ignore) check parameters
[0.187s] Level 1:colcon.colcon_core.package_discovery:discover_packages(path) check parameters
[0.187s] Level 1:colcon.colcon_core.package_discovery:discover_packages(colcon_meta) discover
[0.187s] Level 1:colcon.colcon_core.package_discovery:discover_packages(recursive) discover
[0.187s] INFO:colcon.colcon_core.package_discovery:Crawling recursively for packages in '/home/lucia/Escritorio/CyberWaiter'
[0.187s] Level 1:colcon.colcon_core.package_identification:_identify(.) by extensions ['ignore', 'ignore_ament_install']
[0.187s] Level 1:colcon.colcon_core.package_identification:_identify(.) by extension 'ignore'
[0.187s] Level 1:colcon.colcon_core.package_identification:_identify(.) by extension 'ignore_ament_install'
[0.187s] Level 1:colcon.colcon_core.package_identification:_identify(.) by extensions ['colcon_pkg']
[0.187s] Level 1:colcon.colcon_core.package_identification:_identify(.) by extension 'colcon_pkg'
[0.187s] Level 1:colcon.colcon_core.package_identification:_identify(.) by extensions ['colcon_meta']
[0.187s] Level 1:colcon.colcon_core.package_identification:_identify(.) by extension 'colcon_meta'
[0.187s] Level 1:colcon.colcon_core.package_identification:_identify(.) by extensions ['ros']
[0.187s] Level 1:colcon.colcon_core.package_identification:_identify(.) by extension 'ros'
[0.199s] Level 1:colcon.colcon_core.package_identification:_identify(.) by extensions ['cmake', 'python']
[0.199s] Level 1:colcon.colcon_core.package_identification:_identify(.) by extension 'cmake'
[0.199s] Level 1:colcon.colcon_core.package_identification:_identify(.) by extension 'python'
[0.200s] Level 1:colcon.colcon_core.package_identification:_identify(.) by extensions ['python_setup_py']
[0.200s] Level 1:colcon.colcon_core.package_identification:_identify(.) by extension 'python_setup_py'
[0.200s] Level 1:colcon.colcon_core.package_identification:_identify(Installs) by extensions ['ignore', 'ignore_ament_install']
[0.200s] Level 1:colcon.colcon_core.package_identification:_identify(Installs) by extension 'ignore'
[0.200s] Level 1:colcon.colcon_core.package_identification:_identify(Installs) by extension 'ignore_ament_install'
[0.200s] Level 1:colcon.colcon_core.package_identification:_identify(Installs) by extensions ['colcon_pkg']
[0.200s] Level 1:colcon.colcon_core.package_identification:_identify(Installs) by extension 'colcon_pkg'
[0.200s] Level 1:colcon.colcon_core.package_identification:_identify(Installs) by extensions ['colcon_meta']
[0.200s] Level 1:colcon.colcon_core.package_identification:_identify(Installs) by extension 'colcon_meta'
[0.200s] Level 1:colcon.colcon_core.package_identification:_identify(Installs) by extensions ['ros']
[0.200s] Level 1:colcon.colcon_core.package_identification:_identify(Installs) by extension 'ros'
[0.200s] Level 1:colcon.colcon_core.package_identification:_identify(Installs) by extensions ['cmake', 'python']
[0.200s] Level 1:colcon.colcon_core.package_identification:_identify(Installs) by extension 'cmake'
[0.200s] Level 1:colcon.colcon_core.package_identification:_identify(Installs) by extension 'python'
[0.200s] Level 1:colcon.colcon_core.package_identification:_identify(Installs) by extensions ['python_setup_py']
[0.200s] Level 1:colcon.colcon_core.package_identification:_identify(Installs) by extension 'python_setup_py'
[0.200s] Level 1:colcon.colcon_core.package_identification:_identify(build) by extensions ['ignore', 'ignore_ament_install']
[0.200s] Level 1:colcon.colcon_core.package_identification:_identify(build) by extension 'ignore'
[0.200s] Level 1:colcon.colcon_core.package_identification:_identify(build) ignored
[0.200s] Level 1:colcon.colcon_core.package_identification:_identify(install) by extensions ['ignore', 'ignore_ament_install']
[0.200s] Level 1:colcon.colcon_core.package_identification:_identify(install) by extension 'ignore'
[0.200s] Level 1:colcon.colcon_core.package_identification:_identify(install) ignored
[0.200s] Level 1:colcon.colcon_core.package_identification:_identify(log) by extensions ['ignore', 'ignore_ament_install']
[0.200s] Level 1:colcon.colcon_core.package_identification:_identify(log) by extension 'ignore'
[0.200s] Level 1:colcon.colcon_core.package_identification:_identify(log) ignored
[0.200s] Level 1:colcon.colcon_core.package_identification:_identify(src) by extensions ['ignore', 'ignore_ament_install']
[0.200s] Level 1:colcon.colcon_core.package_identification:_identify(src) by extension 'ignore'
[0.200s] Level 1:colcon.colcon_core.package_identification:_identify(src) by extension 'ignore_ament_install'
[0.200s] Level 1:colcon.colcon_core.package_identification:_identify(src) by extensions ['colcon_pkg']
[0.200s] Level 1:colcon.colcon_core.package_identification:_identify(src) by extension 'colcon_pkg'
[0.200s] Level 1:colcon.colcon_core.package_identification:_identify(src) by extensions ['colcon_meta']
[0.200s] Level 1:colcon.colcon_core.package_identification:_identify(src) by extension 'colcon_meta'
[0.200s] Level 1:colcon.colcon_core.package_identification:_identify(src) by extensions ['ros']
[0.200s] Level 1:colcon.colcon_core.package_identification:_identify(src) by extension 'ros'
[0.201s] Level 1:colcon.colcon_core.package_identification:_identify(src) by extensions ['cmake', 'python']
[0.201s] Level 1:colcon.colcon_core.package_identification:_identify(src) by extension 'cmake'
[0.201s] Level 1:colcon.colcon_core.package_identification:_identify(src) by extension 'python'
[0.201s] Level 1:colcon.colcon_core.package_identification:_identify(src) by extensions ['python_setup_py']
[0.201s] Level 1:colcon.colcon_core.package_identification:_identify(src) by extension 'python_setup_py'
[0.201s] Level 1:colcon.colcon_core.package_identification:_identify(src/cyberwaiter_mission) by extensions ['ignore', 'ignore_ament_install']
[0.201s] Level 1:colcon.colcon_core.package_identification:_identify(src/cyberwaiter_mission) by extension 'ignore'
[0.201s] Level 1:colcon.colcon_core.package_identification:_identify(src/cyberwaiter_mission) by extension 'ignore_ament_install'
[0.201s] Level 1:colcon.colcon_core.package_identification:_identify(src/cyberwaiter_mission) by extensions ['colcon_pkg']
[0.201s] Level 1:colcon.colcon_core.package_identification:_identify(src/cyberwaiter_mission) by extension 'colcon_pkg'
[0.201s] Level 1:colcon.colcon_core.package_identification:_identify(src/cyberwaiter_mission) by extensions ['colcon_meta']
[0.201s] Level 1:colcon.colcon_core.package_identification:_identify(src/cyberwaiter_mission) by extension 'colcon_meta'
[0.201s] Level 1:colcon.colcon_core.package_identification:_identify(src/cyberwaiter_mission) by extensions ['ros']
[0.201s] Level 1:colcon.colcon_core.package_identification:_identify(src/cyberwaiter_mission) by extension 'ros'
[0.203s] DEBUG:colcon.colcon_core.package_identification:Package 'src/cyberwaiter_mission' with type 'ros.ament_cmake' and name 'cyberwaiter_mission'
[0.203s] Level 1:colcon.colcon_core.package_identification:_identify(vision) by extensions ['ignore', 'ignore_ament_install']
[0.203s] Level 1:colcon.colcon_core.package_identification:_identify(vision) by extension 'ignore'
[0.203s] Level 1:colcon.colcon_core.package_identification:_identify(vision) by extension 'ignore_ament_install'
[0.203s] Level 1:colcon.colcon_core.package_identification:_identify(vision) by extensions ['colcon_pkg']
[0.203s] Level 1:colcon.colcon_core.package_identification:_identify(vision) by extension 'colcon_pkg'
[0.203s] Level 1:colcon.colcon_core.package_identification:_identify(vision) by extensions ['colcon_meta']
[0.203s] Level 1:colcon.colcon_core.package_identification:_identify(vision) by extension 'colcon_meta'
[0.203s] Level 1:colcon.colcon_core.package_identification:_identify(vision) by extensions ['ros']
[0.203s] Level 1:colcon.colcon_core.package_identification:_identify(vision) by extension 'ros'
[0.203s] DEBUG:colcon.colcon_core.package_identification:Package 'vision' with type 'ros.ament_cmake' and name 'LAyR'
[0.203s] Level 1:colcon.colcon_core.package_discovery:discover_packages(recursive) using defaults
[0.204s] Level 1:colcon.colcon_core.package_discovery:discover_packages(ignore) discover
[0.204s] Level 1:colcon.colcon_core.package_discovery:discover_packages(ignore) using defaults
[0.204s] Level 1:colcon.colcon_core.package_discovery:discover_packages(path) discover
[0.204s] Level 1:colcon.colcon_core.package_discovery:discover_packages(path) using defaults
[0.218s] Level 1:colcon.colcon_core.package_discovery:discover_packages(prefix_path) check parameters
[0.218s] Level 1:colcon.colcon_core.package_discovery:discover_packages(prefix_path) discover
[0.221s] DEBUG:colcon.colcon_installed_package_information.package_discovery:Found 50 installed packages in /home/lucia/workspace/ros_humble_ur_driver/install
[0.221s] DEBUG:colcon.colcon_installed_package_information.package_discovery:Found 20 installed packages in /home/lucia/ros2_ws/install
[0.222s] DEBUG:colcon.colcon_installed_package_information.package_discovery:Found 3 installed packages in /home/lucia/project_cvar_upm_drone_course/control/drone_course_ws/install
[0.223s] DEBUG:colcon.colcon_installed_package_information.package_discovery:Found 431 installed packages in /opt/ros/humble
[0.225s] Level 1:colcon.colcon_core.package_discovery:discover_packages(prefix_path) using defaults
[0.258s] Level 5:colcon.colcon_core.verb:set package 'LAyR' build argument 'cmake_args' from command line to 'None'
[0.258s] Level 5:colcon.colcon_core.verb:set package 'LAyR' build argument 'cmake_target' from command line to 'None'
[0.258s] Level 5:colcon.colcon_core.verb:set package 'LAyR' build argument 'cmake_target_skip_unavailable' from command line to 'False'
[0.258s] Level 5:colcon.colcon_core.verb:set package 'LAyR' build argument 'cmake_clean_cache' from command line to 'False'
[0.258s] Level 5:colcon.colcon_core.verb:set package 'LAyR' build argument 'cmake_clean_first' from command line to 'False'
[0.258s] Level 5:colcon.colcon_core.verb:set package 'LAyR' build argument 'cmake_force_configure' from command line to 'False'
[0.258s] Level 5:colcon.colcon_core.verb:set package 'LAyR' build argument 'ament_cmake_args' from command line to 'None'
[0.258s] Level 5:colcon.colcon_core.verb:set package 'LAyR' build argument 'catkin_cmake_args' from command line to 'None'
[0.258s] Level 5:colcon.colcon_core.verb:set package 'LAyR' build argument 'catkin_skip_building_tests' from command line to 'False'
[0.258s] DEBUG:colcon.colcon_core.verb:Building package 'LAyR' with the following arguments: {'ament_cmake_args': None, 'build_base': '/home/lucia/Escritorio/CyberWaiter/build/LAyR', 'catkin_cmake_args': None, 'catkin_skip_building_tests': False, 'cmake_args': None, 'cmake_clean_cache': False, 'cmake_clean_first': False, 'cmake_force_configure': False, 'cmake_target': None, 'cmake_target_skip_unavailable': False, 'install_base': '/home/lucia/Escritorio/CyberWaiter/install/LAyR', 'merge_install': False, 'path': '/home/lucia/Escritorio/CyberWaiter/vision', 'symlink_install': False, 'test_result_base': None}
[0.258s] Level 5:colcon.colcon_core.verb:set package 'cyberwaiter_mission' build argument 'cmake_args' from command line to 'None'
[0.258s] Level 5:colcon.colcon_core.verb:set package 'cyberwaiter_mission' build argument 'cmake_target' from command line to 'None'
[0.258s] Level 5:colcon.colcon_core.verb:set package 'cyberwaiter_mission' build argument 'cmake_target_skip_unavailable' from command line to 'False'
[0.258s] Level 5:colcon.colcon_core.verb:set package 'cyberwaiter_mission' build argument 'cmake_clean_cache' from command line to 'False'
[0.259s] Level 5:colcon.colcon_core.verb:set package 'cyberwaiter_mission' build argument 'cmake_clean_first' from command line to 'False'
[0.259s] Level 5:colcon.colcon_core.verb:set package 'cyberwaiter_mission' build argument 'cmake_force_configure' from command line to 'False'
[0.259s] Level 5:colcon.colcon_core.verb:set package 'cyberwaiter_mission' build argument 'ament_cmake_args' from command line to 'None'
[0.259s] Level 5:colcon.colcon_core.verb:set package 'cyberwaiter_mission' build argument 'catkin_cmake_args' from command line to 'None'
[0.259s] Level 5:colcon.colcon_core.verb:set package 'cyberwaiter_mission' build argument 'catkin_skip_building_tests' from command line to 'False'
[0.259s] DEBUG:colcon.colcon_core.verb:Building package 'cyberwaiter_mission' with the following arguments: {'ament_cmake_args': None, 'build_base': '/home/lucia/Escritorio/CyberWaiter/build/cyberwaiter_mission', 'catkin_cmake_args': None, 'catkin_skip_building_tests': False, 'cmake_args': None, 'cmake_clean_cache': False, 'cmake_clean_first': False, 'cmake_force_configure': False, 'cmake_target': None, 'cmake_target_skip_unavailable': False, 'install_base': '/home/lucia/Escritorio/CyberWaiter/install/cyberwaiter_mission', 'merge_install': False, 'path': '/home/lucia/Escritorio/CyberWaiter/src/cyberwaiter_mission', 'symlink_install': False, 'test_result_base': None}
[0.259s] INFO:colcon.colcon_core.executor:Executing jobs using 'parallel' executor
[0.259s] DEBUG:colcon.colcon_parallel_executor.executor.parallel:run_until_complete
[0.260s] INFO:colcon.colcon_ros.task.ament_cmake.build:Building ROS package in '/home/lucia/Escritorio/CyberWaiter/vision' with build type 'ament_cmake'
[0.260s] INFO:colcon.colcon_cmake.task.cmake.build:Building CMake package in '/home/lucia/Escritorio/CyberWaiter/vision'
[0.262s] INFO:colcon.colcon_core.plugin_system:Skipping extension 'colcon_core.shell.bat': Not used on non-Windows systems
[0.262s] INFO:colcon.colcon_core.shell:Skip shell extension 'powershell' for command environment: Not usable outside of PowerShell
[0.262s] DEBUG:colcon.colcon_core.shell:Skip shell extension 'dsv' for command environment
[0.267s] INFO:colcon.colcon_ros.task.ament_cmake.build:Building ROS package in '/home/lucia/Escritorio/CyberWaiter/src/cyberwaiter_mission' with build type 'ament_cmake'
[0.267s] INFO:colcon.colcon_cmake.task.cmake.build:Building CMake package in '/home/lucia/Escritorio/CyberWaiter/src/cyberwaiter_mission'
[0.268s] INFO:colcon.colcon_core.shell:Skip shell extension 'powershell' for command environment: Not usable outside of PowerShell
[0.268s] DEBUG:colcon.colcon_core.shell:Skip shell extension 'dsv' for command environment
[0.281s] DEBUG:colcon.colcon_core.event_handler.log_command:Invoking command in '/home/lucia/Escritorio/CyberWaiter/build/LAyR': CMAKE_PREFIX_PATH=${CMAKE_PREFIX_PATH}:/home/lucia/workspace/ros_humble_ur_driver/install/rqt_joint_trajectory_controller:/home/lucia/workspace/ros_humble_ur_driver/install/rqt_controller_manager:/home/lucia/workspace/ros_humble_ur_driver/install/ros2controlcli:/home/lucia/workspace/ros_humble_ur_driver/install/ros2_controllers_test_nodes:/home/lucia/ros2_ws/install/easy_handeye2:/home/lucia/ros2_ws/install/brazo_real_control:/opt/ros/humble /usr/bin/cmake /home/lucia/Escritorio/CyberWaiter/vision -DCMAKE_INSTALL_PREFIX=/home/lucia/Escritorio/CyberWaiter/install/LAyR
[0.286s] DEBUG:colcon.colcon_core.event_handler.log_command:Invoking command in '/home/lucia/Escritorio/CyberWaiter/build/cyberwaiter_mission': CMAKE_PREFIX_PATH=${CMAKE_PREFIX_PATH}:/home/lucia/workspace/ros_humble_ur_driver/install/rqt_joint_trajectory_controller:/home/lucia/workspace/ros_humble_ur_driver/install/rqt_controller_manager:/home/lucia/workspace/ros_humble_ur_driver/install/ros2controlcli:/home/lucia/workspace/ros_humble_ur_driver/install/ros2_controllers_test_nodes:/home/lucia/ros2_ws/install/easy_handeye2:/home/lucia/ros2_ws/install/brazo_real_control:/opt/ros/humble /usr/bin/cmake /home/lucia/Escritorio/CyberWaiter/src/cyberwaiter_mission -DCMAKE_INSTALL_PREFIX=/home/lucia/Escritorio/CyberWaiter/install/cyberwaiter_mission
[1.848s] DEBUG:colcon.colcon_core.event_handler.log_command:Invoked command in '/home/lucia/Escritorio/CyberWaiter/build/LAyR' returned '0': CMAKE_PREFIX_PATH=${CMAKE_PREFIX_PATH}:/home/lucia/workspace/ros_humble_ur_driver/install/rqt_joint_trajectory_controller:/home/lucia/workspace/ros_humble_ur_driver/install/rqt_controller_manager:/home/lucia/workspace/ros_humble_ur_driver/install/ros2controlcli:/home/lucia/workspace/ros_humble_ur_driver/install/ros2_controllers_test_nodes:/home/lucia/ros2_ws/install/easy_handeye2:/home/lucia/ros2_ws/install/brazo_real_control:/opt/ros/humble /usr/bin/cmake /home/lucia/Escritorio/CyberWaiter/vision -DCMAKE_INSTALL_PREFIX=/home/lucia/Escritorio/CyberWaiter/install/LAyR
[1.851s] DEBUG:colcon.colcon_core.event_handler.log_command:Invoking command in '/home/lucia/Escritorio/CyberWaiter/build/LAyR': CMAKE_PREFIX_PATH=${CMAKE_PREFIX_PATH}:/home/lucia/workspace/ros_humble_ur_driver/install/rqt_joint_trajectory_controller:/home/lucia/workspace/ros_humble_ur_driver/install/rqt_controller_manager:/home/lucia/workspace/ros_humble_ur_driver/install/ros2controlcli:/home/lucia/workspace/ros_humble_ur_driver/install/ros2_controllers_test_nodes:/home/lucia/ros2_ws/install/easy_handeye2:/home/lucia/ros2_ws/install/brazo_real_control:/opt/ros/humble /usr/bin/cmake --build /home/lucia/Escritorio/CyberWaiter/build/LAyR -- -j16 -l16
[1.908s] DEBUG:colcon.colcon_core.event_handler.log_command:Invoked command in '/home/lucia/Escritorio/CyberWaiter/build/cyberwaiter_mission' returned '0': CMAKE_PREFIX_PATH=${CMAKE_PREFIX_PATH}:/home/lucia/workspace/ros_humble_ur_driver/install/rqt_joint_trajectory_controller:/home/lucia/workspace/ros_humble_ur_driver/install/rqt_controller_manager:/home/lucia/workspace/ros_humble_ur_driver/install/ros2controlcli:/home/lucia/workspace/ros_humble_ur_driver/install/ros2_controllers_test_nodes:/home/lucia/ros2_ws/install/easy_handeye2:/home/lucia/ros2_ws/install/brazo_real_control:/opt/ros/humble /usr/bin/cmake /home/lucia/Escritorio/CyberWaiter/src/cyberwaiter_mission -DCMAKE_INSTALL_PREFIX=/home/lucia/Escritorio/CyberWaiter/install/cyberwaiter_mission
[1.910s] DEBUG:colcon.colcon_core.event_handler.log_command:Invoking command in '/home/lucia/Escritorio/CyberWaiter/build/cyberwaiter_mission': CMAKE_PREFIX_PATH=${CMAKE_PREFIX_PATH}:/home/lucia/workspace/ros_humble_ur_driver/install/rqt_joint_trajectory_controller:/home/lucia/workspace/ros_humble_ur_driver/install/rqt_controller_manager:/home/lucia/workspace/ros_humble_ur_driver/install/ros2controlcli:/home/lucia/workspace/ros_humble_ur_driver/install/ros2_controllers_test_nodes:/home/lucia/ros2_ws/install/easy_handeye2:/home/lucia/ros2_ws/install/brazo_real_control:/opt/ros/humble /usr/bin/cmake --build /home/lucia/Escritorio/CyberWaiter/build/cyberwaiter_mission -- -j16 -l16
[9.518s] DEBUG:colcon.colcon_core.event_handler.log_command:Invoked command in '/home/lucia/Escritorio/CyberWaiter/build/LAyR' returned '0': CMAKE_PREFIX_PATH=${CMAKE_PREFIX_PATH}:/home/lucia/workspace/ros_humble_ur_driver/install/rqt_joint_trajectory_controller:/home/lucia/workspace/ros_humble_ur_driver/install/rqt_controller_manager:/home/lucia/workspace/ros_humble_ur_driver/install/ros2controlcli:/home/lucia/workspace/ros_humble_ur_driver/install/ros2_controllers_test_nodes:/home/lucia/ros2_ws/install/easy_handeye2:/home/lucia/ros2_ws/install/brazo_real_control:/opt/ros/humble /usr/bin/cmake --build /home/lucia/Escritorio/CyberWaiter/build/LAyR -- -j16 -l16
[9.534s] DEBUG:colcon.colcon_core.event_handler.log_command:Invoking command in '/home/lucia/Escritorio/CyberWaiter/build/LAyR': CMAKE_PREFIX_PATH=${CMAKE_PREFIX_PATH}:/home/lucia/workspace/ros_humble_ur_driver/install/rqt_joint_trajectory_controller:/home/lucia/workspace/ros_humble_ur_driver/install/rqt_controller_manager:/home/lucia/workspace/ros_humble_ur_driver/install/ros2controlcli:/home/lucia/workspace/ros_humble_ur_driver/install/ros2_controllers_test_nodes:/home/lucia/ros2_ws/install/easy_handeye2:/home/lucia/ros2_ws/install/brazo_real_control:/opt/ros/humble /usr/bin/cmake --install /home/lucia/Escritorio/CyberWaiter/build/LAyR
[9.547s] Level 1:colcon.colcon_core.environment:create_environment_scripts_only(LAyR)
[9.548s] DEBUG:colcon.colcon_core.event_handler.log_command:Invoked command in '/home/lucia/Escritorio/CyberWaiter/build/LAyR' returned '0': CMAKE_PREFIX_PATH=${CMAKE_PREFIX_PATH}:/home/lucia/workspace/ros_humble_ur_driver/install/rqt_joint_trajectory_controller:/home/lucia/workspace/ros_humble_ur_driver/install/rqt_controller_manager:/home/lucia/workspace/ros_humble_ur_driver/install/ros2controlcli:/home/lucia/workspace/ros_humble_ur_driver/install/ros2_controllers_test_nodes:/home/lucia/ros2_ws/install/easy_handeye2:/home/lucia/ros2_ws/install/brazo_real_control:/opt/ros/humble /usr/bin/cmake --install /home/lucia/Escritorio/CyberWaiter/build/LAyR
[9.551s] Level 1:colcon.colcon_core.environment:checking '/home/lucia/Escritorio/CyberWaiter/install/LAyR' for CMake module files
[9.552s] Level 1:colcon.colcon_core.environment:checking '/home/lucia/Escritorio/CyberWaiter/install/LAyR' for CMake config files
[9.552s] Level 1:colcon.colcon_core.shell:create_environment_hook('LAyR', 'cmake_prefix_path')
[9.552s] INFO:colcon.colcon_core.shell:Creating environment hook '/home/lucia/Escritorio/CyberWaiter/install/LAyR/share/LAyR/hook/cmake_prefix_path.ps1'
[9.553s] INFO:colcon.colcon_core.shell:Creating environment descriptor '/home/lucia/Escritorio/CyberWaiter/install/LAyR/share/LAyR/hook/cmake_prefix_path.dsv'
[9.554s] INFO:colcon.colcon_core.shell:Creating environment hook '/home/lucia/Escritorio/CyberWaiter/install/LAyR/share/LAyR/hook/cmake_prefix_path.sh'
[9.555s] Level 1:colcon.colcon_core.environment:checking '/home/lucia/Escritorio/CyberWaiter/install/LAyR/lib'
[9.555s] Level 1:colcon.colcon_core.environment:checking '/home/lucia/Escritorio/CyberWaiter/install/LAyR/bin'
[9.555s] Level 1:colcon.colcon_core.environment:checking '/home/lucia/Escritorio/CyberWaiter/install/LAyR/lib/pkgconfig/LAyR.pc'
[9.555s] Level 1:colcon.colcon_core.environment:checking '/home/lucia/Escritorio/CyberWaiter/install/LAyR/lib/python3.10/site-packages'
[9.556s] Level 1:colcon.colcon_core.environment:checking '/home/lucia/Escritorio/CyberWaiter/install/LAyR/bin'
[9.556s] INFO:colcon.colcon_core.shell:Creating package script '/home/lucia/Escritorio/CyberWaiter/install/LAyR/share/LAyR/package.ps1'
[9.558s] INFO:colcon.colcon_core.shell:Creating package descriptor '/home/lucia/Escritorio/CyberWaiter/install/LAyR/share/LAyR/package.dsv'
[9.558s] INFO:colcon.colcon_core.shell:Creating package script '/home/lucia/Escritorio/CyberWaiter/install/LAyR/share/LAyR/package.sh'
[9.559s] INFO:colcon.colcon_core.shell:Creating package script '/home/lucia/Escritorio/CyberWaiter/install/LAyR/share/LAyR/package.bash'
[9.560s] INFO:colcon.colcon_core.shell:Creating package script '/home/lucia/Escritorio/CyberWaiter/install/LAyR/share/LAyR/package.zsh'
[9.561s] Level 1:colcon.colcon_core.environment:create_file_with_runtime_dependencies(/home/lucia/Escritorio/CyberWaiter/install/LAyR/share/colcon-core/packages/LAyR)
[9.562s] Level 1:colcon.colcon_core.environment:create_environment_scripts_only(LAyR)
[9.562s] Level 1:colcon.colcon_core.environment:checking '/home/lucia/Escritorio/CyberWaiter/install/LAyR' for CMake module files
[9.562s] Level 1:colcon.colcon_core.environment:checking '/home/lucia/Escritorio/CyberWaiter/install/LAyR' for CMake config files
[9.562s] Level 1:colcon.colcon_core.shell:create_environment_hook('LAyR', 'cmake_prefix_path')
[9.562s] INFO:colcon.colcon_core.shell:Creating environment hook '/home/lucia/Escritorio/CyberWaiter/install/LAyR/share/LAyR/hook/cmake_prefix_path.ps1'
[9.563s] INFO:colcon.colcon_core.shell:Creating environment descriptor '/home/lucia/Escritorio/CyberWaiter/install/LAyR/share/LAyR/hook/cmake_prefix_path.dsv'
[9.563s] INFO:colcon.colcon_core.shell:Creating environment hook '/home/lucia/Escritorio/CyberWaiter/install/LAyR/share/LAyR/hook/cmake_prefix_path.sh'
[9.563s] Level 1:colcon.colcon_core.environment:checking '/home/lucia/Escritorio/CyberWaiter/install/LAyR/lib'
[9.563s] Level 1:colcon.colcon_core.environment:checking '/home/lucia/Escritorio/CyberWaiter/install/LAyR/bin'
[9.563s] Level 1:colcon.colcon_core.environment:checking '/home/lucia/Escritorio/CyberWaiter/install/LAyR/lib/pkgconfig/LAyR.pc'
[9.564s] Level 1:colcon.colcon_core.environment:checking '/home/lucia/Escritorio/CyberWaiter/install/LAyR/lib/python3.10/site-packages'
[9.564s] Level 1:colcon.colcon_core.environment:checking '/home/lucia/Escritorio/CyberWaiter/install/LAyR/bin'
[9.564s] INFO:colcon.colcon_core.shell:Creating package script '/home/lucia/Escritorio/CyberWaiter/install/LAyR/share/LAyR/package.ps1'
[9.564s] INFO:colcon.colcon_core.shell:Creating package descriptor '/home/lucia/Escritorio/CyberWaiter/install/LAyR/share/LAyR/package.dsv'
[9.565s] INFO:colcon.colcon_core.shell:Creating package script '/home/lucia/Escritorio/CyberWaiter/install/LAyR/share/LAyR/package.sh'
[9.565s] INFO:colcon.colcon_core.shell:Creating package script '/home/lucia/Escritorio/CyberWaiter/install/LAyR/share/LAyR/package.bash'
[9.565s] INFO:colcon.colcon_core.shell:Creating package script '/home/lucia/Escritorio/CyberWaiter/install/LAyR/share/LAyR/package.zsh'
[9.565s] Level 1:colcon.colcon_core.environment:create_file_with_runtime_dependencies(/home/lucia/Escritorio/CyberWaiter/install/LAyR/share/colcon-core/packages/LAyR)
[13.359s] DEBUG:colcon.colcon_core.event_handler.log_command:Invoked command in '/home/lucia/Escritorio/CyberWaiter/build/cyberwaiter_mission' returned '0': CMAKE_PREFIX_PATH=${CMAKE_PREFIX_PATH}:/home/lucia/workspace/ros_humble_ur_driver/install/rqt_joint_trajectory_controller:/home/lucia/workspace/ros_humble_ur_driver/install/rqt_controller_manager:/home/lucia/workspace/ros_humble_ur_driver/install/ros2controlcli:/home/lucia/workspace/ros_humble_ur_driver/install/ros2_controllers_test_nodes:/home/lucia/ros2_ws/install/easy_handeye2:/home/lucia/ros2_ws/install/brazo_real_control:/opt/ros/humble /usr/bin/cmake --build /home/lucia/Escritorio/CyberWaiter/build/cyberwaiter_mission -- -j16 -l16
[13.361s] DEBUG:colcon.colcon_core.event_handler.log_command:Invoking command in '/home/lucia/Escritorio/CyberWaiter/build/cyberwaiter_mission': CMAKE_PREFIX_PATH=${CMAKE_PREFIX_PATH}:/home/lucia/workspace/ros_humble_ur_driver/install/rqt_joint_trajectory_controller:/home/lucia/workspace/ros_humble_ur_driver/install/rqt_controller_manager:/home/lucia/workspace/ros_humble_ur_driver/install/ros2controlcli:/home/lucia/workspace/ros_humble_ur_driver/install/ros2_controllers_test_nodes:/home/lucia/ros2_ws/install/easy_handeye2:/home/lucia/ros2_ws/install/brazo_real_control:/opt/ros/humble /usr/bin/cmake --install /home/lucia/Escritorio/CyberWaiter/build/cyberwaiter_mission
[13.375s] Level 1:colcon.colcon_core.environment:create_environment_scripts_only(cyberwaiter_mission)
[13.376s] Level 1:colcon.colcon_core.environment:checking '/home/lucia/Escritorio/CyberWaiter/install/cyberwaiter_mission' for CMake module files
[13.376s] DEBUG:colcon.colcon_core.event_handler.log_command:Invoked command in '/home/lucia/Escritorio/CyberWaiter/build/cyberwaiter_mission' returned '0': CMAKE_PREFIX_PATH=${CMAKE_PREFIX_PATH}:/home/lucia/workspace/ros_humble_ur_driver/install/rqt_joint_trajectory_controller:/home/lucia/workspace/ros_humble_ur_driver/install/rqt_controller_manager:/home/lucia/workspace/ros_humble_ur_driver/install/ros2controlcli:/home/lucia/workspace/ros_humble_ur_driver/install/ros2_controllers_test_nodes:/home/lucia/ros2_ws/install/easy_handeye2:/home/lucia/ros2_ws/install/brazo_real_control:/opt/ros/humble /usr/bin/cmake --install /home/lucia/Escritorio/CyberWaiter/build/cyberwaiter_mission
[13.377s] Level 1:colcon.colcon_core.environment:checking '/home/lucia/Escritorio/CyberWaiter/install/cyberwaiter_mission' for CMake config files
[13.377s] Level 1:colcon.colcon_core.shell:create_environment_hook('cyberwaiter_mission', 'cmake_prefix_path')
[13.377s] INFO:colcon.colcon_core.shell:Creating environment hook '/home/lucia/Escritorio/CyberWaiter/install/cyberwaiter_mission/share/cyberwaiter_mission/hook/cmake_prefix_path.ps1'
[13.378s] INFO:colcon.colcon_core.shell:Creating environment descriptor '/home/lucia/Escritorio/CyberWaiter/install/cyberwaiter_mission/share/cyberwaiter_mission/hook/cmake_prefix_path.dsv'
[13.378s] INFO:colcon.colcon_core.shell:Creating environment hook '/home/lucia/Escritorio/CyberWaiter/install/cyberwaiter_mission/share/cyberwaiter_mission/hook/cmake_prefix_path.sh'
[13.379s] Level 1:colcon.colcon_core.environment:checking '/home/lucia/Escritorio/CyberWaiter/install/cyberwaiter_mission/lib'
[13.379s] Level 1:colcon.colcon_core.environment:checking '/home/lucia/Escritorio/CyberWaiter/install/cyberwaiter_mission/bin'
[13.379s] Level 1:colcon.colcon_core.environment:checking '/home/lucia/Escritorio/CyberWaiter/install/cyberwaiter_mission/lib/pkgconfig/cyberwaiter_mission.pc'
[13.379s] Level 1:colcon.colcon_core.environment:checking '/home/lucia/Escritorio/CyberWaiter/install/cyberwaiter_mission/lib/python3.10/site-packages'
[13.380s] Level 1:colcon.colcon_core.environment:checking '/home/lucia/Escritorio/CyberWaiter/install/cyberwaiter_mission/bin'
[13.380s] INFO:colcon.colcon_core.shell:Creating package script '/home/lucia/Escritorio/CyberWaiter/install/cyberwaiter_mission/share/cyberwaiter_mission/package.ps1'
[13.381s] INFO:colcon.colcon_core.shell:Creating package descriptor '/home/lucia/Escritorio/CyberWaiter/install/cyberwaiter_mission/share/cyberwaiter_mission/package.dsv'
[13.381s] INFO:colcon.colcon_core.shell:Creating package script '/home/lucia/Escritorio/CyberWaiter/install/cyberwaiter_mission/share/cyberwaiter_mission/package.sh'
[13.382s] INFO:colcon.colcon_core.shell:Creating package script '/home/lucia/Escritorio/CyberWaiter/install/cyberwaiter_mission/share/cyberwaiter_mission/package.bash'
[13.382s] INFO:colcon.colcon_core.shell:Creating package script '/home/lucia/Escritorio/CyberWaiter/install/cyberwaiter_mission/share/cyberwaiter_mission/package.zsh'
[13.382s] Level 1:colcon.colcon_core.environment:create_file_with_runtime_dependencies(/home/lucia/Escritorio/CyberWaiter/install/cyberwaiter_mission/share/colcon-core/packages/cyberwaiter_mission)
[13.382s] Level 1:colcon.colcon_core.environment:create_environment_scripts_only(cyberwaiter_mission)
[13.382s] Level 1:colcon.colcon_core.environment:checking '/home/lucia/Escritorio/CyberWaiter/install/cyberwaiter_mission' for CMake module files
[13.383s] Level 1:colcon.colcon_core.environment:checking '/home/lucia/Escritorio/CyberWaiter/install/cyberwaiter_mission' for CMake config files
[13.383s] Level 1:colcon.colcon_core.shell:create_environment_hook('cyberwaiter_mission', 'cmake_prefix_path')
[13.383s] INFO:colcon.colcon_core.shell:Creating environment hook '/home/lucia/Escritorio/CyberWaiter/install/cyberwaiter_mission/share/cyberwaiter_mission/hook/cmake_prefix_path.ps1'
[13.383s] INFO:colcon.colcon_core.shell:Creating environment descriptor '/home/lucia/Escritorio/CyberWaiter/install/cyberwaiter_mission/share/cyberwaiter_mission/hook/cmake_prefix_path.dsv'
[13.383s] INFO:colcon.colcon_core.shell:Creating environment hook '/home/lucia/Escritorio/CyberWaiter/install/cyberwaiter_mission/share/cyberwaiter_mission/hook/cmake_prefix_path.sh'
[13.384s] Level 1:colcon.colcon_core.environment:checking '/home/lucia/Escritorio/CyberWaiter/install/cyberwaiter_mission/lib'
[13.384s] Level 1:colcon.colcon_core.environment:checking '/home/lucia/Escritorio/CyberWaiter/install/cyberwaiter_mission/bin'
[13.384s] Level 1:colcon.colcon_core.environment:checking '/home/lucia/Escritorio/CyberWaiter/install/cyberwaiter_mission/lib/pkgconfig/cyberwaiter_mission.pc'
[13.384s] Level 1:colcon.colcon_core.environment:checking '/home/lucia/Escritorio/CyberWaiter/install/cyberwaiter_mission/lib/python3.10/site-packages'
[13.384s] Level 1:colcon.colcon_core.environment:checking '/home/lucia/Escritorio/CyberWaiter/install/cyberwaiter_mission/bin'
[13.384s] INFO:colcon.colcon_core.shell:Creating package script '/home/lucia/Escritorio/CyberWaiter/install/cyberwaiter_mission/share/cyberwaiter_mission/package.ps1'
[13.385s] INFO:colcon.colcon_core.shell:Creating package descriptor '/home/lucia/Escritorio/CyberWaiter/install/cyberwaiter_mission/share/cyberwaiter_mission/package.dsv'
[13.385s] INFO:colcon.colcon_core.shell:Creating package script '/home/lucia/Escritorio/CyberWaiter/install/cyberwaiter_mission/share/cyberwaiter_mission/package.sh'
[13.385s] INFO:colcon.colcon_core.shell:Creating package script '/home/lucia/Escritorio/CyberWaiter/install/cyberwaiter_mission/share/cyberwaiter_mission/package.bash'
[13.385s] INFO:colcon.colcon_core.shell:Creating package script '/home/lucia/Escritorio/CyberWaiter/install/cyberwaiter_mission/share/cyberwaiter_mission/package.zsh'
[13.385s] Level 1:colcon.colcon_core.environment:create_file_with_runtime_dependencies(/home/lucia/Escritorio/CyberWaiter/install/cyberwaiter_mission/share/colcon-core/packages/cyberwaiter_mission)
[13.386s] DEBUG:colcon.colcon_parallel_executor.executor.parallel:closing loop
[13.386s] DEBUG:colcon.colcon_parallel_executor.executor.parallel:loop closed
[13.386s] DEBUG:colcon.colcon_parallel_executor.executor.parallel:run_until_complete finished with '0'
[13.386s] DEBUG:colcon.colcon_core.event_reactor:joining thread
[13.393s] INFO:colcon.colcon_core.plugin_system:Skipping extension 'colcon_notification.desktop_notification.terminal_notifier': Not used on non-Darwin systems
[13.393s] INFO:colcon.colcon_core.plugin_system:Skipping extension 'colcon_notification.desktop_notification.win32': Not used on non-Windows systems
[13.393s] INFO:colcon.colcon_notification.desktop_notification:Sending desktop notification using 'notify2'
[13.402s] DEBUG:colcon.colcon_core.event_reactor:joined thread
[13.403s] INFO:colcon.colcon_core.shell:Creating prefix script '/home/lucia/Escritorio/CyberWaiter/install/local_setup.ps1'
[13.404s] INFO:colcon.colcon_core.shell:Creating prefix util module '/home/lucia/Escritorio/CyberWaiter/install/_local_setup_util_ps1.py'
[13.406s] INFO:colcon.colcon_core.shell:Creating prefix chain script '/home/lucia/Escritorio/CyberWaiter/install/setup.ps1'
[13.411s] INFO:colcon.colcon_core.shell:Creating prefix script '/home/lucia/Escritorio/CyberWaiter/install/local_setup.sh'
[13.412s] INFO:colcon.colcon_core.shell:Creating prefix util module '/home/lucia/Escritorio/CyberWaiter/install/_local_setup_util_sh.py'
[13.413s] INFO:colcon.colcon_core.shell:Creating prefix chain script '/home/lucia/Escritorio/CyberWaiter/install/setup.sh'
[13.418s] INFO:colcon.colcon_core.shell:Creating prefix script '/home/lucia/Escritorio/CyberWaiter/install/local_setup.bash'
[13.419s] INFO:colcon.colcon_core.shell:Creating prefix chain script '/home/lucia/Escritorio/CyberWaiter/install/setup.bash'
[13.421s] INFO:colcon.colcon_core.shell:Creating prefix script '/home/lucia/Escritorio/CyberWaiter/install/local_setup.zsh'
[13.421s] INFO:colcon.colcon_core.shell:Creating prefix chain script '/home/lucia/Escritorio/CyberWaiter/install/setup.zsh'
