[0.000000] (-) TimerEvent: {}
[0.000308] (cyberwaiter_mission) JobQueued: {'identifier': 'cyberwaiter_mission', 'dependencies': OrderedDict()}
[0.000361] (cyberwaiter_mission) JobStarted: {'identifier': 'cyberwaiter_mission'}
[0.008084] (cyberwaiter_mission) JobProgress: {'identifier': 'cyberwaiter_mission', 'progress': 'cmake'}
[0.008590] (cyberwaiter_mission) JobProgress: {'identifier': 'cyberwaiter_mission', 'progress': 'build'}
[0.009107] (cyberwaiter_mission) Command: {'cmd': ['/usr/bin/cmake', '--build', '/home/irene/cyberwaiter/build/cyberwaiter_mission', '--', '-j16', '-l16'], 'cwd': '/home/irene/cyberwaiter/build/cyberwaiter_mission', 'env': OrderedDict([('GZ_SIM_SYSTEM_PLUGIN_PATH', '/opt/ros/humble/lib'), ('GJS_DEBUG_TOPICS', 'JS ERROR;JS LOG'), ('LESSOPEN', '| /usr/bin/lesspipe %s'), ('VSCODE_CWD', '/home/irene'), ('GZ_SIM_RESOURCE_PATH', '/opt/ros/humble/share/as2_gazebo_assets/worlds:/opt/ros/humble/share/as2_gazebo_assets/models'), ('USER', 'irene'), ('LC_TIME', 'es_ES.UTF-8'), ('VSCODE_NLS_CONFIG', '{"userLocale":"en-us","osLocale":"en-us","resolvedLanguage":"en","defaultMessagesFile":"/usr/share/antigravity/resources/app/out/nls.messages.json","locale":"en-us","availableLanguages":{}}'), ('XDG_SESSION_TYPE', 'x11'), ('SHLVL', '1'), ('LD_LIBRARY_PATH', '/usr/lib/x86_64-linux-gnu/gazebo-11/plugins:/opt/ros/humble/opt/rviz_ogre_vendor/lib:/opt/ros/humble/lib/x86_64-linux-gnu:/opt/ros/humble/lib'), ('HOME', '/home/irene'), ('CHROME_DESKTOP', 'antigravity.desktop'), ('DESKTOP_SESSION', 'ubuntu'), ('VSCODE_IPC_HOOK', '/run/user/1000/vscode-f20383f2-1.10-main.sock'), ('GIO_LAUNCHED_DESKTOP_FILE', '/usr/share/applications/antigravity.desktop'), ('ROS_PYTHON_VERSION', '3'), ('GNOME_SHELL_SESSION_MODE', 'ubuntu'), ('GTK_MODULES', 'gail:atk-bridge'), ('PAGER', 'cat'), ('LC_MONETARY', 'es_ES.UTF-8'), ('MANAGERPID', '1558'), ('SYSTEMD_EXEC_PID', '1829'), ('DBUS_SESSION_BUS_ADDRESS', 'unix:path=/run/user/1000/bus'), ('ANTIGRAVITY_AGENT', '1'), ('GIO_LAUNCHED_DESKTOP_FILE_PID', '14889'), ('IM_CONFIG_PHASE', '1'), ('ROS_DISTRO', 'humble'), ('GTK_IM_MODULE', 'ibus'), ('LOGNAME', 'irene'), ('_', '/usr/bin/colcon'), ('JOURNAL_STREAM', '8:8897'), ('ROS_VERSION', '2'), ('XDG_SESSION_CLASS', 'user'), ('USERNAME', 'irene'), ('TERM', 'dumb'), ('GNOME_DESKTOP_SESSION_ID', 'this-is-deprecated'), ('FC_FONTATIONS', '1'), ('ROS_LOCALHOST_ONLY', '1'), ('WINDOWPATH', '2'), ('ANTIGRAVITY_EDITOR_APP_ROOT', '/usr/share/antigravity/resources/app'), ('PATH', '/home/irene/.local/bin:/opt/ros/humble/bin:/home/irene/.local/bin:/usr/local/sbin:/usr/local/bin:/usr/sbin:/usr/bin:/sbin:/bin:/usr/games:/usr/local/games:/snap/bin:/snap/bin'), ('SESSION_MANAGER', 'local/Irene-linux:@/tmp/.ICE-unix/1802,unix/Irene-linux:/tmp/.ICE-unix/1802'), ('INVOCATION_ID', '7ce59e6a757f4d37bfa8015ba51b716b'), ('XDG_MENU_PREFIX', 'gnome-'), ('LC_ADDRESS', 'es_ES.UTF-8'), ('XDG_RUNTIME_DIR', '/run/user/1000'), ('GDK_BACKEND', 'x11'), ('DISPLAY', ':1'), ('LANG', 'en_US.UTF-8'), ('XDG_CURRENT_DESKTOP', 'ubuntu:GNOME'), ('LC_TELEPHONE', 'es_ES.UTF-8'), ('XMODIFIERS', '@im=ibus'), ('XDG_SESSION_DESKTOP', 'ubuntu'), ('XAUTHORITY', '/run/user/1000/gdm/Xauthority'), ('LS_COLORS', ''), ('SSH_AGENT_LAUNCHER', 'gnome-keyring'), ('SSH_AUTH_SOCK', '/run/user/1000/keyring/ssh'), ('ROS_DOMAIN_ID', '25'), ('AMENT_PREFIX_PATH', '/opt/ros/humble'), ('SHELL', '/bin/bash'), ('LC_NAME', 'es_ES.UTF-8'), ('QT_ACCESSIBILITY', '1'), ('GDMSESSION', 'ubuntu'), ('LESSCLOSE', '/usr/bin/lesspipe %s %s'), ('LC_MEASUREMENT', 'es_ES.UTF-8'), ('GPG_AGENT_INFO', '/run/user/1000/gnupg/S.gpg-agent:0:1'), ('GJS_DEBUG_OUTPUT', 'stderr'), ('LC_IDENTIFICATION', 'es_ES.UTF-8'), ('GZ_VERSION', 'fortress'), ('QT_IM_MODULE', 'ibus'), ('ANTIGRAVITY_TRAJECTORY_ID', 'b30b5251-83ee-4f06-948c-12226b4b46ab'), ('PWD', '/home/irene/cyberwaiter/build/cyberwaiter_mission'), ('TURTLEBOT3_MODEL', 'burger'), ('LC_ALL', 'en_US.UTF-8'), ('XDG_CONFIG_DIRS', '/etc/xdg/xdg-ubuntu:/etc/xdg'), ('VSCODE_CODE_CACHE_PATH', '/home/irene/.config/Antigravity/CachedData/15487b3041e65228cae24980a3f796c905ef582c'), ('XDG_DATA_DIRS', '/usr/share/ubuntu:/usr/share/gnome:/usr/local/share/:/usr/share/:/var/lib/snapd/desktop'), ('PYTHONPATH', '/opt/ros/humble/lib/python3.10/site-packages:/opt/ros/humble/local/lib/python3.10/dist-packages'), ('LC_NUMERIC', 'es_ES.UTF-8'), ('LC_PAPER', 'es_ES.UTF-8'), ('COLCON', '1'), ('VSCODE_PID', '14889'), ('CMAKE_PREFIX_PATH', '/opt/ros/humble')]), 'shell': False}
[0.033592] (cyberwaiter_mission) StdoutLine: {'line': b'-- Found ament_cmake: 1.3.12 (/opt/ros/humble/share/ament_cmake/cmake)\n'}
[0.099255] (-) TimerEvent: {}
[0.127370] (cyberwaiter_mission) StdoutLine: {'line': b'-- Found rclcpp: 16.0.17 (/opt/ros/humble/share/rclcpp/cmake)\n'}
[0.149650] (cyberwaiter_mission) StdoutLine: {'line': b'-- Found rosidl_generator_c: 3.1.8 (/opt/ros/humble/share/rosidl_generator_c/cmake)\n'}
[0.151680] (cyberwaiter_mission) StdoutLine: {'line': b'-- Found rosidl_adapter: 3.1.8 (/opt/ros/humble/share/rosidl_adapter/cmake)\n'}
[0.156048] (cyberwaiter_mission) StdoutLine: {'line': b'-- Found rosidl_generator_cpp: 3.1.8 (/opt/ros/humble/share/rosidl_generator_cpp/cmake)\n'}
[0.162779] (cyberwaiter_mission) StdoutLine: {'line': b'-- Using all available rosidl_typesupport_c: rosidl_typesupport_fastrtps_c;rosidl_typesupport_introspection_c\n'}
[0.171016] (cyberwaiter_mission) StdoutLine: {'line': b'-- Using all available rosidl_typesupport_cpp: rosidl_typesupport_fastrtps_cpp;rosidl_typesupport_introspection_cpp\n'}
[0.193338] (cyberwaiter_mission) StdoutLine: {'line': b'-- Found rmw_implementation_cmake: 6.1.2 (/opt/ros/humble/share/rmw_implementation_cmake/cmake)\n'}
[0.194205] (cyberwaiter_mission) StdoutLine: {'line': b'-- Found rmw_fastrtps_cpp: 6.2.9 (/opt/ros/humble/share/rmw_fastrtps_cpp/cmake)\n'}
[0.199351] (-) TimerEvent: {}
[0.292369] (cyberwaiter_mission) StdoutLine: {'line': b"-- Using RMW implementation 'rmw_fastrtps_cpp' as default\n"}
[0.299462] (-) TimerEvent: {}
[0.326001] (cyberwaiter_mission) StdoutLine: {'line': b'-- Found geometry_msgs: 4.9.0 (/opt/ros/humble/share/geometry_msgs/cmake)\n'}
[0.335106] (cyberwaiter_mission) StdoutLine: {'line': b'-- Found ament_lint_auto: 0.12.14 (/opt/ros/humble/share/ament_lint_auto/cmake)\n'}
[0.387658] (cyberwaiter_mission) StdoutLine: {'line': b"-- Added test 'cppcheck' to perform static code analysis on C / C++ code\n"}
[0.387886] (cyberwaiter_mission) StdoutLine: {'line': b'-- Configured cppcheck include dirs: \n'}
[0.388082] (cyberwaiter_mission) StdoutLine: {'line': b'-- Configured cppcheck exclude dirs and/or files: \n'}
[0.388217] (cyberwaiter_mission) StdoutLine: {'line': b"-- Added test 'flake8' to check Python code syntax and style conventions\n"}
[0.388365] (cyberwaiter_mission) StdoutLine: {'line': b"-- Added test 'lint_cmake' to check CMake code style\n"}
[0.388499] (cyberwaiter_mission) StdoutLine: {'line': b"-- Added test 'pep257' to check Python code against some of the docstring style conventions in PEP 257\n"}
[0.389176] (cyberwaiter_mission) StdoutLine: {'line': b"-- Added test 'uncrustify' to check C / C++ code style\n"}
[0.389331] (cyberwaiter_mission) StdoutLine: {'line': b'-- Configured uncrustify additional arguments: \n'}
[0.389512] (cyberwaiter_mission) StdoutLine: {'line': b"-- Added test 'xmllint' to check XML markup files\n"}
[0.389944] (cyberwaiter_mission) StdoutLine: {'line': b'-- Configuring done\n'}
[0.397779] (cyberwaiter_mission) StdoutLine: {'line': b'-- Generating done\n'}
[0.399543] (-) TimerEvent: {}
[0.400624] (cyberwaiter_mission) StdoutLine: {'line': b'-- Build files have been written to: /home/irene/cyberwaiter/build/cyberwaiter_mission\n'}
[0.427319] (cyberwaiter_mission) StdoutLine: {'line': b'\x1b[35m\x1b[1mConsolidate compiler generated dependencies of target Mision_Control\x1b[0m\n'}
[0.445599] (cyberwaiter_mission) StdoutLine: {'line': b'[100%] Built target Mision_Control\n'}
[0.457506] (cyberwaiter_mission) CommandEnded: {'returncode': 0}
[0.458098] (cyberwaiter_mission) JobProgress: {'identifier': 'cyberwaiter_mission', 'progress': 'install'}
[0.468818] (cyberwaiter_mission) Command: {'cmd': ['/usr/bin/cmake', '--install', '/home/irene/cyberwaiter/build/cyberwaiter_mission'], 'cwd': '/home/irene/cyberwaiter/build/cyberwaiter_mission', 'env': OrderedDict([('GZ_SIM_SYSTEM_PLUGIN_PATH', '/opt/ros/humble/lib'), ('GJS_DEBUG_TOPICS', 'JS ERROR;JS LOG'), ('LESSOPEN', '| /usr/bin/lesspipe %s'), ('VSCODE_CWD', '/home/irene'), ('GZ_SIM_RESOURCE_PATH', '/opt/ros/humble/share/as2_gazebo_assets/worlds:/opt/ros/humble/share/as2_gazebo_assets/models'), ('USER', 'irene'), ('LC_TIME', 'es_ES.UTF-8'), ('VSCODE_NLS_CONFIG', '{"userLocale":"en-us","osLocale":"en-us","resolvedLanguage":"en","defaultMessagesFile":"/usr/share/antigravity/resources/app/out/nls.messages.json","locale":"en-us","availableLanguages":{}}'), ('XDG_SESSION_TYPE', 'x11'), ('SHLVL', '1'), ('LD_LIBRARY_PATH', '/usr/lib/x86_64-linux-gnu/gazebo-11/plugins:/opt/ros/humble/opt/rviz_ogre_vendor/lib:/opt/ros/humble/lib/x86_64-linux-gnu:/opt/ros/humble/lib'), ('HOME', '/home/irene'), ('CHROME_DESKTOP', 'antigravity.desktop'), ('DESKTOP_SESSION', 'ubuntu'), ('VSCODE_IPC_HOOK', '/run/user/1000/vscode-f20383f2-1.10-main.sock'), ('GIO_LAUNCHED_DESKTOP_FILE', '/usr/share/applications/antigravity.desktop'), ('ROS_PYTHON_VERSION', '3'), ('GNOME_SHELL_SESSION_MODE', 'ubuntu'), ('GTK_MODULES', 'gail:atk-bridge'), ('PAGER', 'cat'), ('LC_MONETARY', 'es_ES.UTF-8'), ('MANAGERPID', '1558'), ('SYSTEMD_EXEC_PID', '1829'), ('DBUS_SESSION_BUS_ADDRESS', 'unix:path=/run/user/1000/bus'), ('ANTIGRAVITY_AGENT', '1'), ('GIO_LAUNCHED_DESKTOP_FILE_PID', '14889'), ('IM_CONFIG_PHASE', '1'), ('ROS_DISTRO', 'humble'), ('GTK_IM_MODULE', 'ibus'), ('LOGNAME', 'irene'), ('_', '/usr/bin/colcon'), ('JOURNAL_STREAM', '8:8897'), ('ROS_VERSION', '2'), ('XDG_SESSION_CLASS', 'user'), ('USERNAME', 'irene'), ('TERM', 'dumb'), ('GNOME_DESKTOP_SESSION_ID', 'this-is-deprecated'), ('FC_FONTATIONS', '1'), ('ROS_LOCALHOST_ONLY', '1'), ('WINDOWPATH', '2'), ('ANTIGRAVITY_EDITOR_APP_ROOT', '/usr/share/antigravity/resources/app'), ('PATH', '/home/irene/.local/bin:/opt/ros/humble/bin:/home/irene/.local/bin:/usr/local/sbin:/usr/local/bin:/usr/sbin:/usr/bin:/sbin:/bin:/usr/games:/usr/local/games:/snap/bin:/snap/bin'), ('SESSION_MANAGER', 'local/Irene-linux:@/tmp/.ICE-unix/1802,unix/Irene-linux:/tmp/.ICE-unix/1802'), ('INVOCATION_ID', '7ce59e6a757f4d37bfa8015ba51b716b'), ('XDG_MENU_PREFIX', 'gnome-'), ('LC_ADDRESS', 'es_ES.UTF-8'), ('XDG_RUNTIME_DIR', '/run/user/1000'), ('GDK_BACKEND', 'x11'), ('DISPLAY', ':1'), ('LANG', 'en_US.UTF-8'), ('XDG_CURRENT_DESKTOP', 'ubuntu:GNOME'), ('LC_TELEPHONE', 'es_ES.UTF-8'), ('XMODIFIERS', '@im=ibus'), ('XDG_SESSION_DESKTOP', 'ubuntu'), ('XAUTHORITY', '/run/user/1000/gdm/Xauthority'), ('LS_COLORS', ''), ('SSH_AGENT_LAUNCHER', 'gnome-keyring'), ('SSH_AUTH_SOCK', '/run/user/1000/keyring/ssh'), ('ROS_DOMAIN_ID', '25'), ('AMENT_PREFIX_PATH', '/opt/ros/humble'), ('SHELL', '/bin/bash'), ('LC_NAME', 'es_ES.UTF-8'), ('QT_ACCESSIBILITY', '1'), ('GDMSESSION', 'ubuntu'), ('LESSCLOSE', '/usr/bin/lesspipe %s %s'), ('LC_MEASUREMENT', 'es_ES.UTF-8'), ('GPG_AGENT_INFO', '/run/user/1000/gnupg/S.gpg-agent:0:1'), ('GJS_DEBUG_OUTPUT', 'stderr'), ('LC_IDENTIFICATION', 'es_ES.UTF-8'), ('GZ_VERSION', 'fortress'), ('QT_IM_MODULE', 'ibus'), ('ANTIGRAVITY_TRAJECTORY_ID', 'b30b5251-83ee-4f06-948c-12226b4b46ab'), ('PWD', '/home/irene/cyberwaiter/build/cyberwaiter_mission'), ('TURTLEBOT3_MODEL', 'burger'), ('LC_ALL', 'en_US.UTF-8'), ('XDG_CONFIG_DIRS', '/etc/xdg/xdg-ubuntu:/etc/xdg'), ('VSCODE_CODE_CACHE_PATH', '/home/irene/.config/Antigravity/CachedData/15487b3041e65228cae24980a3f796c905ef582c'), ('XDG_DATA_DIRS', '/usr/share/ubuntu:/usr/share/gnome:/usr/local/share/:/usr/share/:/var/lib/snapd/desktop'), ('PYTHONPATH', '/opt/ros/humble/lib/python3.10/site-packages:/opt/ros/humble/local/lib/python3.10/dist-packages'), ('LC_NUMERIC', 'es_ES.UTF-8'), ('LC_PAPER', 'es_ES.UTF-8'), ('COLCON', '1'), ('VSCODE_PID', '14889'), ('CMAKE_PREFIX_PATH', '/opt/ros/humble')]), 'shell': False}
[0.475685] (cyberwaiter_mission) StdoutLine: {'line': b'-- Install configuration: ""\n'}
[0.475888] (cyberwaiter_mission) StdoutLine: {'line': b'-- Up-to-date: /home/irene/cyberwaiter/install/cyberwaiter_mission/lib/cyberwaiter_mission/Mision_Control\n'}
[0.476010] (cyberwaiter_mission) StdoutLine: {'line': b'-- Up-to-date: /home/irene/cyberwaiter/install/cyberwaiter_mission/share/cyberwaiter_mission/launch\n'}
[0.476131] (cyberwaiter_mission) StdoutLine: {'line': b'-- Installing: /home/irene/cyberwaiter/install/cyberwaiter_mission/share/cyberwaiter_mission/launch/cyberwaiter.launch.py\n'}
[0.476254] (cyberwaiter_mission) StdoutLine: {'line': b'-- Installing: /home/irene/cyberwaiter/install/cyberwaiter_mission/lib/cyberwaiter_mission/interfaz.py\n'}
[0.476437] (cyberwaiter_mission) StdoutLine: {'line': b'-- Installing: /home/irene/cyberwaiter/install/cyberwaiter_mission/share/ament_index/resource_index/package_run_dependencies/cyberwaiter_mission\n'}
[0.476608] (cyberwaiter_mission) StdoutLine: {'line': b'-- Up-to-date: /home/irene/cyberwaiter/install/cyberwaiter_mission/share/ament_index/resource_index/parent_prefix_path/cyberwaiter_mission\n'}
[0.476729] (cyberwaiter_mission) StdoutLine: {'line': b'-- Up-to-date: /home/irene/cyberwaiter/install/cyberwaiter_mission/share/cyberwaiter_mission/environment/ament_prefix_path.sh\n'}
[0.476843] (cyberwaiter_mission) StdoutLine: {'line': b'-- Installing: /home/irene/cyberwaiter/install/cyberwaiter_mission/share/cyberwaiter_mission/environment/ament_prefix_path.dsv\n'}
[0.476926] (cyberwaiter_mission) StdoutLine: {'line': b'-- Up-to-date: /home/irene/cyberwaiter/install/cyberwaiter_mission/share/cyberwaiter_mission/environment/path.sh\n'}
[0.477067] (cyberwaiter_mission) StdoutLine: {'line': b'-- Installing: /home/irene/cyberwaiter/install/cyberwaiter_mission/share/cyberwaiter_mission/environment/path.dsv\n'}
[0.477185] (cyberwaiter_mission) StdoutLine: {'line': b'-- Up-to-date: /home/irene/cyberwaiter/install/cyberwaiter_mission/share/cyberwaiter_mission/local_setup.bash\n'}
[0.477225] (cyberwaiter_mission) StdoutLine: {'line': b'-- Up-to-date: /home/irene/cyberwaiter/install/cyberwaiter_mission/share/cyberwaiter_mission/local_setup.sh\n'}
[0.477289] (cyberwaiter_mission) StdoutLine: {'line': b'-- Up-to-date: /home/irene/cyberwaiter/install/cyberwaiter_mission/share/cyberwaiter_mission/local_setup.zsh\n'}
[0.477332] (cyberwaiter_mission) StdoutLine: {'line': b'-- Installing: /home/irene/cyberwaiter/install/cyberwaiter_mission/share/cyberwaiter_mission/local_setup.dsv\n'}
[0.477369] (cyberwaiter_mission) StdoutLine: {'line': b'-- Installing: /home/irene/cyberwaiter/install/cyberwaiter_mission/share/cyberwaiter_mission/package.dsv\n'}
[0.477437] (cyberwaiter_mission) StdoutLine: {'line': b'-- Up-to-date: /home/irene/cyberwaiter/install/cyberwaiter_mission/share/ament_index/resource_index/packages/cyberwaiter_mission\n'}
[0.477499] (cyberwaiter_mission) StdoutLine: {'line': b'-- Up-to-date: /home/irene/cyberwaiter/install/cyberwaiter_mission/share/cyberwaiter_mission/cmake/cyberwaiter_missionConfig.cmake\n'}
[0.477537] (cyberwaiter_mission) StdoutLine: {'line': b'-- Up-to-date: /home/irene/cyberwaiter/install/cyberwaiter_mission/share/cyberwaiter_mission/cmake/cyberwaiter_missionConfig-version.cmake\n'}
[0.477574] (cyberwaiter_mission) StdoutLine: {'line': b'-- Installing: /home/irene/cyberwaiter/install/cyberwaiter_mission/share/cyberwaiter_mission/package.xml\n'}
[0.479616] (cyberwaiter_mission) CommandEnded: {'returncode': 0}
[0.492097] (cyberwaiter_mission) JobEnded: {'identifier': 'cyberwaiter_mission', 'rc': 0}
[0.492581] (-) EventReactorShutdown: {}
