[0.021s] Invoking command in '/home/lucia/Escritorio/CyberWaiter/build/LAyR': CMAKE_PREFIX_PATH=${CMAKE_PREFIX_PATH}:/home/lucia/workspace/ros_humble_ur_driver/install/rqt_joint_trajectory_controller:/home/lucia/workspace/ros_humble_ur_driver/install/rqt_controller_manager:/home/lucia/workspace/ros_humble_ur_driver/install/ros2controlcli:/home/lucia/workspace/ros_humble_ur_driver/install/ros2_controllers_test_nodes:/home/lucia/ros2_ws/install/easy_handeye2:/home/lucia/ros2_ws/install/brazo_real_control:/opt/ros/humble /usr/bin/cmake /home/lucia/Escritorio/CyberWaiter/vision -DCMAKE_INSTALL_PREFIX=/home/lucia/Escritorio/CyberWaiter/install/LAyR
[0.094s] -- The C compiler identification is GNU 11.4.0
[0.152s] -- The CXX compiler identification is GNU 11.4.0
[0.158s] -- Detecting C compiler ABI info
[0.244s] -- Detecting C compiler ABI info - done
[0.254s] -- Check for working C compiler: /usr/bin/cc - skipped
[0.254s] -- Detecting C compile features
[0.254s] -- Detecting C compile features - done
[0.258s] -- Detecting CXX compiler ABI info
[0.355s] -- Detecting CXX compiler ABI info - done
[0.365s] -- Check for working CXX compiler: /usr/bin/c++ - skipped
[0.366s] -- Detecting CXX compile features
[0.366s] -- Detecting CXX compile features - done
[0.377s] -- Found ament_cmake: 1.3.14 (/opt/ros/humble/share/ament_cmake/cmake)
[0.539s] -- Found Python3: /usr/bin/python3 (found version "3.10.12") found components: Interpreter 
[0.679s] -- Found rclcpp: 16.0.19 (/opt/ros/humble/share/rclcpp/cmake)
[0.742s] -- Found rosidl_generator_c: 3.1.8 (/opt/ros/humble/share/rosidl_generator_c/cmake)
[0.752s] -- Found rosidl_adapter: 3.1.8 (/opt/ros/humble/share/rosidl_adapter/cmake)
[0.771s] -- Found rosidl_generator_cpp: 3.1.8 (/opt/ros/humble/share/rosidl_generator_cpp/cmake)
[0.789s] -- Using all available rosidl_typesupport_c: rosidl_typesupport_fastrtps_c;rosidl_typesupport_introspection_c
[0.814s] -- Using all available rosidl_typesupport_cpp: rosidl_typesupport_fastrtps_cpp;rosidl_typesupport_introspection_cpp
[0.888s] -- Found rmw_implementation_cmake: 6.1.2 (/opt/ros/humble/share/rmw_implementation_cmake/cmake)
[0.896s] -- Found rmw_fastrtps_cpp: 6.2.10 (/opt/ros/humble/share/rmw_fastrtps_cpp/cmake)
[1.028s] -- Found OpenSSL: /usr/lib/x86_64-linux-gnu/libcrypto.so (found version "3.0.2")  
[1.072s] -- Found FastRTPS: /opt/ros/humble/include  
[1.120s] -- Using RMW implementation 'rmw_fastrtps_cpp' as default
[1.140s] -- Looking for pthread.h
[1.239s] -- Looking for pthread.h - found
[1.240s] -- Performing Test CMAKE_HAVE_LIBC_PTHREAD
[1.336s] -- Performing Test CMAKE_HAVE_LIBC_PTHREAD - Success
[1.337s] -- Found Threads: TRUE  
[1.421s] -- Found sensor_msgs: 4.9.1 (/opt/ros/humble/share/sensor_msgs/cmake)
[1.456s] -- Found cv_bridge: 3.2.1 (/opt/ros/humble/share/cv_bridge/cmake)
[1.477s] -- Found OpenCV: /usr (found version "4.5.4") 
[1.557s] WARNING: Package name "LAyR" does not follow the naming conventions. It should start with a lower case letter and only contain lower case letters, digits, underscores, and dashes.
[1.567s] -- Configuring done
[1.578s] -- Generating done
[1.580s] -- Build files have been written to: /home/lucia/Escritorio/CyberWaiter/build/LAyR
[1.588s] Invoked command in '/home/lucia/Escritorio/CyberWaiter/build/LAyR' returned '0': CMAKE_PREFIX_PATH=${CMAKE_PREFIX_PATH}:/home/lucia/workspace/ros_humble_ur_driver/install/rqt_joint_trajectory_controller:/home/lucia/workspace/ros_humble_ur_driver/install/rqt_controller_manager:/home/lucia/workspace/ros_humble_ur_driver/install/ros2controlcli:/home/lucia/workspace/ros_humble_ur_driver/install/ros2_controllers_test_nodes:/home/lucia/ros2_ws/install/easy_handeye2:/home/lucia/ros2_ws/install/brazo_real_control:/opt/ros/humble /usr/bin/cmake /home/lucia/Escritorio/CyberWaiter/vision -DCMAKE_INSTALL_PREFIX=/home/lucia/Escritorio/CyberWaiter/install/LAyR
[1.590s] Invoking command in '/home/lucia/Escritorio/CyberWaiter/build/LAyR': CMAKE_PREFIX_PATH=${CMAKE_PREFIX_PATH}:/home/lucia/workspace/ros_humble_ur_driver/install/rqt_joint_trajectory_controller:/home/lucia/workspace/ros_humble_ur_driver/install/rqt_controller_manager:/home/lucia/workspace/ros_humble_ur_driver/install/ros2controlcli:/home/lucia/workspace/ros_humble_ur_driver/install/ros2_controllers_test_nodes:/home/lucia/ros2_ws/install/easy_handeye2:/home/lucia/ros2_ws/install/brazo_real_control:/opt/ros/humble /usr/bin/cmake --build /home/lucia/Escritorio/CyberWaiter/build/LAyR -- -j16 -l16
[1.664s] [ 50%] [32mBuilding CXX object CMakeFiles/visualizador_c.dir/src/visualizador_c.cpp.o[0m
[8.664s] [100%] [32m[1mLinking CXX executable visualizador_c[0m
[9.240s] [100%] Built target visualizador_c
[9.257s] Invoked command in '/home/lucia/Escritorio/CyberWaiter/build/LAyR' returned '0': CMAKE_PREFIX_PATH=${CMAKE_PREFIX_PATH}:/home/lucia/workspace/ros_humble_ur_driver/install/rqt_joint_trajectory_controller:/home/lucia/workspace/ros_humble_ur_driver/install/rqt_controller_manager:/home/lucia/workspace/ros_humble_ur_driver/install/ros2controlcli:/home/lucia/workspace/ros_humble_ur_driver/install/ros2_controllers_test_nodes:/home/lucia/ros2_ws/install/easy_handeye2:/home/lucia/ros2_ws/install/brazo_real_control:/opt/ros/humble /usr/bin/cmake --build /home/lucia/Escritorio/CyberWaiter/build/LAyR -- -j16 -l16
[9.274s] Invoking command in '/home/lucia/Escritorio/CyberWaiter/build/LAyR': CMAKE_PREFIX_PATH=${CMAKE_PREFIX_PATH}:/home/lucia/workspace/ros_humble_ur_driver/install/rqt_joint_trajectory_controller:/home/lucia/workspace/ros_humble_ur_driver/install/rqt_controller_manager:/home/lucia/workspace/ros_humble_ur_driver/install/ros2controlcli:/home/lucia/workspace/ros_humble_ur_driver/install/ros2_controllers_test_nodes:/home/lucia/ros2_ws/install/easy_handeye2:/home/lucia/ros2_ws/install/brazo_real_control:/opt/ros/humble /usr/bin/cmake --install /home/lucia/Escritorio/CyberWaiter/build/LAyR
[9.283s] -- Install configuration: ""
[9.283s] -- Installing: /home/lucia/Escritorio/CyberWaiter/install/LAyR/lib/LAyR/visualizador_c
[9.285s] -- Set runtime path of "/home/lucia/Escritorio/CyberWaiter/install/LAyR/lib/LAyR/visualizador_c" to ""
[9.285s] -- Installing: /home/lucia/Escritorio/CyberWaiter/install/LAyR/share/ament_index/resource_index/package_run_dependencies/LAyR
[9.285s] -- Installing: /home/lucia/Escritorio/CyberWaiter/install/LAyR/share/ament_index/resource_index/parent_prefix_path/LAyR
[9.285s] -- Installing: /home/lucia/Escritorio/CyberWaiter/install/LAyR/share/LAyR/environment/ament_prefix_path.sh
[9.285s] -- Installing: /home/lucia/Escritorio/CyberWaiter/install/LAyR/share/LAyR/environment/ament_prefix_path.dsv
[9.285s] -- Installing: /home/lucia/Escritorio/CyberWaiter/install/LAyR/share/LAyR/environment/path.sh
[9.285s] -- Installing: /home/lucia/Escritorio/CyberWaiter/install/LAyR/share/LAyR/environment/path.dsv
[9.285s] -- Installing: /home/lucia/Escritorio/CyberWaiter/install/LAyR/share/LAyR/local_setup.bash
[9.285s] -- Installing: /home/lucia/Escritorio/CyberWaiter/install/LAyR/share/LAyR/local_setup.sh
[9.286s] -- Installing: /home/lucia/Escritorio/CyberWaiter/install/LAyR/share/LAyR/local_setup.zsh
[9.286s] -- Installing: /home/lucia/Escritorio/CyberWaiter/install/LAyR/share/LAyR/local_setup.dsv
[9.286s] -- Installing: /home/lucia/Escritorio/CyberWaiter/install/LAyR/share/LAyR/package.dsv
[9.286s] -- Installing: /home/lucia/Escritorio/CyberWaiter/install/LAyR/share/ament_index/resource_index/packages/LAyR
[9.286s] -- Installing: /home/lucia/Escritorio/CyberWaiter/install/LAyR/share/LAyR/cmake/LAyRConfig.cmake
[9.286s] -- Installing: /home/lucia/Escritorio/CyberWaiter/install/LAyR/share/LAyR/cmake/LAyRConfig-version.cmake
[9.286s] -- Installing: /home/lucia/Escritorio/CyberWaiter/install/LAyR/share/LAyR/package.xml
[9.287s] Invoked command in '/home/lucia/Escritorio/CyberWaiter/build/LAyR' returned '0': CMAKE_PREFIX_PATH=${CMAKE_PREFIX_PATH}:/home/lucia/workspace/ros_humble_ur_driver/install/rqt_joint_trajectory_controller:/home/lucia/workspace/ros_humble_ur_driver/install/rqt_controller_manager:/home/lucia/workspace/ros_humble_ur_driver/install/ros2controlcli:/home/lucia/workspace/ros_humble_ur_driver/install/ros2_controllers_test_nodes:/home/lucia/ros2_ws/install/easy_handeye2:/home/lucia/ros2_ws/install/brazo_real_control:/opt/ros/humble /usr/bin/cmake --install /home/lucia/Escritorio/CyberWaiter/build/LAyR
