[0.011s] Invoking command in '/home/irene/cyberwaiter/build/cyberwaiter_mission': CMAKE_PREFIX_PATH=/opt/ros/humble /usr/bin/cmake --build /home/irene/cyberwaiter/build/cyberwaiter_mission -- -j16 -l16
[0.033s] -- Found ament_cmake: 1.3.12 (/opt/ros/humble/share/ament_cmake/cmake)
[0.127s] -- Found rclcpp: 16.0.17 (/opt/ros/humble/share/rclcpp/cmake)
[0.149s] -- Found rosidl_generator_c: 3.1.8 (/opt/ros/humble/share/rosidl_generator_c/cmake)
[0.151s] -- Found rosidl_adapter: 3.1.8 (/opt/ros/humble/share/rosidl_adapter/cmake)
[0.156s] -- Found rosidl_generator_cpp: 3.1.8 (/opt/ros/humble/share/rosidl_generator_cpp/cmake)
[0.163s] -- Using all available rosidl_typesupport_c: rosidl_typesupport_fastrtps_c;rosidl_typesupport_introspection_c
[0.171s] -- Using all available rosidl_typesupport_cpp: rosidl_typesupport_fastrtps_cpp;rosidl_typesupport_introspection_cpp
[0.193s] -- Found rmw_implementation_cmake: 6.1.2 (/opt/ros/humble/share/rmw_implementation_cmake/cmake)
[0.194s] -- Found rmw_fastrtps_cpp: 6.2.9 (/opt/ros/humble/share/rmw_fastrtps_cpp/cmake)
[0.292s] -- Using RMW implementation 'rmw_fastrtps_cpp' as default
[0.326s] -- Found geometry_msgs: 4.9.0 (/opt/ros/humble/share/geometry_msgs/cmake)
[0.335s] -- Found ament_lint_auto: 0.12.14 (/opt/ros/humble/share/ament_lint_auto/cmake)
[0.387s] -- Added test 'cppcheck' to perform static code analysis on C / C++ code
[0.388s] -- Configured cppcheck include dirs: 
[0.388s] -- Configured cppcheck exclude dirs and/or files: 
[0.388s] -- Added test 'flake8' to check Python code syntax and style conventions
[0.388s] -- Added test 'lint_cmake' to check CMake code style
[0.388s] -- Added test 'pep257' to check Python code against some of the docstring style conventions in PEP 257
[0.389s] -- Added test 'uncrustify' to check C / C++ code style
[0.389s] -- Configured uncrustify additional arguments: 
[0.389s] -- Added test 'xmllint' to check XML markup files
[0.390s] -- Configuring done
[0.398s] -- Generating done
[0.400s] -- Build files have been written to: /home/irene/cyberwaiter/build/cyberwaiter_mission
[0.427s] [35m[1mConsolidate compiler generated dependencies of target Mision_Control[0m
[0.445s] [100%] Built target Mision_Control
[0.457s] Invoked command in '/home/irene/cyberwaiter/build/cyberwaiter_mission' returned '0': CMAKE_PREFIX_PATH=/opt/ros/humble /usr/bin/cmake --build /home/irene/cyberwaiter/build/cyberwaiter_mission -- -j16 -l16
[0.469s] Invoking command in '/home/irene/cyberwaiter/build/cyberwaiter_mission': CMAKE_PREFIX_PATH=/opt/ros/humble /usr/bin/cmake --install /home/irene/cyberwaiter/build/cyberwaiter_mission
[0.475s] -- Install configuration: ""
[0.476s] -- Up-to-date: /home/irene/cyberwaiter/install/cyberwaiter_mission/lib/cyberwaiter_mission/Mision_Control
[0.476s] -- Up-to-date: /home/irene/cyberwaiter/install/cyberwaiter_mission/share/cyberwaiter_mission/launch
[0.476s] -- Installing: /home/irene/cyberwaiter/install/cyberwaiter_mission/share/cyberwaiter_mission/launch/cyberwaiter.launch.py
[0.476s] -- Installing: /home/irene/cyberwaiter/install/cyberwaiter_mission/lib/cyberwaiter_mission/interfaz.py
[0.476s] -- Installing: /home/irene/cyberwaiter/install/cyberwaiter_mission/share/ament_index/resource_index/package_run_dependencies/cyberwaiter_mission
[0.476s] -- Up-to-date: /home/irene/cyberwaiter/install/cyberwaiter_mission/share/ament_index/resource_index/parent_prefix_path/cyberwaiter_mission
[0.476s] -- Up-to-date: /home/irene/cyberwaiter/install/cyberwaiter_mission/share/cyberwaiter_mission/environment/ament_prefix_path.sh
[0.477s] -- Installing: /home/irene/cyberwaiter/install/cyberwaiter_mission/share/cyberwaiter_mission/environment/ament_prefix_path.dsv
[0.477s] -- Up-to-date: /home/irene/cyberwaiter/install/cyberwaiter_mission/share/cyberwaiter_mission/environment/path.sh
[0.477s] -- Installing: /home/irene/cyberwaiter/install/cyberwaiter_mission/share/cyberwaiter_mission/environment/path.dsv
[0.477s] -- Up-to-date: /home/irene/cyberwaiter/install/cyberwaiter_mission/share/cyberwaiter_mission/local_setup.bash
[0.477s] -- Up-to-date: /home/irene/cyberwaiter/install/cyberwaiter_mission/share/cyberwaiter_mission/local_setup.sh
[0.477s] -- Up-to-date: /home/irene/cyberwaiter/install/cyberwaiter_mission/share/cyberwaiter_mission/local_setup.zsh
[0.477s] -- Installing: /home/irene/cyberwaiter/install/cyberwaiter_mission/share/cyberwaiter_mission/local_setup.dsv
[0.477s] -- Installing: /home/irene/cyberwaiter/install/cyberwaiter_mission/share/cyberwaiter_mission/package.dsv
[0.477s] -- Up-to-date: /home/irene/cyberwaiter/install/cyberwaiter_mission/share/ament_index/resource_index/packages/cyberwaiter_mission
[0.477s] -- Up-to-date: /home/irene/cyberwaiter/install/cyberwaiter_mission/share/cyberwaiter_mission/cmake/cyberwaiter_missionConfig.cmake
[0.477s] -- Up-to-date: /home/irene/cyberwaiter/install/cyberwaiter_mission/share/cyberwaiter_mission/cmake/cyberwaiter_missionConfig-version.cmake
[0.477s] -- Installing: /home/irene/cyberwaiter/install/cyberwaiter_mission/share/cyberwaiter_mission/package.xml
[0.480s] Invoked command in '/home/irene/cyberwaiter/build/cyberwaiter_mission' returned '0': CMAKE_PREFIX_PATH=/opt/ros/humble /usr/bin/cmake --install /home/irene/cyberwaiter/build/cyberwaiter_mission
