[0.015s] Invoking command in '/home/irene/cyberwaiter/build/cyberwaiter_mission': CMAKE_PREFIX_PATH=${CMAKE_PREFIX_PATH}:/opt/ros/humble /usr/bin/cmake /home/irene/cyberwaiter/src/cyberwaiter_mission -DCMAKE_INSTALL_PREFIX=/home/irene/cyberwaiter/install/cyberwaiter_mission
[0.132s] -- The C compiler identification is GNU 11.4.0
[0.226s] -- The CXX compiler identification is GNU 11.4.0
[0.235s] -- Detecting C compiler ABI info
[0.299s] -- Detecting C compiler ABI info - done
[0.304s] -- Check for working C compiler: /usr/bin/cc - skipped
[0.304s] -- Detecting C compile features
[0.305s] -- Detecting C compile features - done
[0.308s] -- Detecting CXX compiler ABI info
[0.380s] -- Detecting CXX compiler ABI info - done
[0.385s] -- Check for working CXX compiler: /usr/bin/c++ - skipped
[0.385s] -- Detecting CXX compile features
[0.386s] -- Detecting CXX compile features - done
[0.390s] -- Found ament_cmake: 1.3.12 (/opt/ros/humble/share/ament_cmake/cmake)
[0.509s] -- Found Python3: /usr/bin/python3 (found version "3.10.12") found components: Interpreter 
[0.619s] -- Found rclcpp: 16.0.17 (/opt/ros/humble/share/rclcpp/cmake)
[0.668s] -- Found rosidl_generator_c: 3.1.8 (/opt/ros/humble/share/rosidl_generator_c/cmake)
[0.674s] -- Found rosidl_adapter: 3.1.8 (/opt/ros/humble/share/rosidl_adapter/cmake)
[0.683s] -- Found rosidl_generator_cpp: 3.1.8 (/opt/ros/humble/share/rosidl_generator_cpp/cmake)
[0.696s] -- Using all available rosidl_typesupport_c: rosidl_typesupport_fastrtps_c;rosidl_typesupport_introspection_c
[0.713s] -- Using all available rosidl_typesupport_cpp: rosidl_typesupport_fastrtps_cpp;rosidl_typesupport_introspection_cpp
[0.759s] -- Found rmw_implementation_cmake: 6.1.2 (/opt/ros/humble/share/rmw_implementation_cmake/cmake)
[0.762s] -- Found rmw_fastrtps_cpp: 6.2.9 (/opt/ros/humble/share/rmw_fastrtps_cpp/cmake)
[0.856s] -- Found OpenSSL: /usr/lib/x86_64-linux-gnu/libcrypto.so (found version "3.0.2")  
[0.883s] -- Found FastRTPS: /opt/ros/humble/include  
[0.924s] -- Using RMW implementation 'rmw_fastrtps_cpp' as default
[0.936s] -- Looking for pthread.h
[1.009s] -- Looking for pthread.h - found
[1.009s] -- Performing Test CMAKE_HAVE_LIBC_PTHREAD
[1.078s] -- Performing Test CMAKE_HAVE_LIBC_PTHREAD - Success
[1.079s] -- Found Threads: TRUE  
[1.129s] -- Found geometry_msgs: 4.9.0 (/opt/ros/humble/share/geometry_msgs/cmake)
[1.143s] -- Found ament_lint_auto: 0.12.14 (/opt/ros/humble/share/ament_lint_auto/cmake)
[1.211s] -- Added test 'cppcheck' to perform static code analysis on C / C++ code
[1.211s] -- Configured cppcheck include dirs: 
[1.211s] -- Configured cppcheck exclude dirs and/or files: 
[1.212s] -- Added test 'flake8' to check Python code syntax and style conventions
[1.212s] -- Added test 'lint_cmake' to check CMake code style
[1.213s] -- Added test 'pep257' to check Python code against some of the docstring style conventions in PEP 257
[1.213s] -- Added test 'uncrustify' to check C / C++ code style
[1.213s] -- Configured uncrustify additional arguments: 
[1.214s] -- Added test 'xmllint' to check XML markup files
[1.215s] -- Configuring done
[1.223s] -- Generating done
[1.225s] -- Build files have been written to: /home/irene/cyberwaiter/build/cyberwaiter_mission
[1.234s] Invoked command in '/home/irene/cyberwaiter/build/cyberwaiter_mission' returned '0': CMAKE_PREFIX_PATH=${CMAKE_PREFIX_PATH}:/opt/ros/humble /usr/bin/cmake /home/irene/cyberwaiter/src/cyberwaiter_mission -DCMAKE_INSTALL_PREFIX=/home/irene/cyberwaiter/install/cyberwaiter_mission
[1.236s] Invoking command in '/home/irene/cyberwaiter/build/cyberwaiter_mission': CMAKE_PREFIX_PATH=${CMAKE_PREFIX_PATH}:/opt/ros/humble /usr/bin/cmake --build /home/irene/cyberwaiter/build/cyberwaiter_mission -- -j16 -l16
[1.285s] [ 50%] [32mBuilding CXX object CMakeFiles/Mision_Control.dir/src/mision_control.cpp.o[0m
[3.241s] [01m[K/home/irene/cyberwaiter/src/cyberwaiter_mission/src/mision_control.cpp:[m[K In member function ‘[01m[Kvoid MisionController::logic(int)[m[K’:
[3.241s] [01m[K/home/irene/cyberwaiter/src/cyberwaiter_mission/src/mision_control.cpp:106:52:[m[K [01;35m[Kwarning: [m[Kcomparison of integer expressions of different signedness: ‘[01m[Kint[m[K’ and ‘[01m[Kstd::vector<int>::size_type[m[K’ {aka ‘[01m[Klong unsigned int[m[K’} [[01;35m[K]8;;https://gcc.gnu.org/onlinedocs/gcc/Warning-Options.html#index-Wsign-compare-Wsign-compare]8;;[m[K]
[3.241s]   106 |                                 if ([01;35m[Kcounter_pedido == pedido.size()[m[K){
[3.241s]       |                                     [01;35m[K~~~~~~~~~~~~~~~^~~~~~~~~~~~~~~~[m[K
[12.080s] [100%] [32m[1mLinking CXX executable Mision_Control[0m
[12.611s] [100%] Built target Mision_Control
[12.622s] Invoked command in '/home/irene/cyberwaiter/build/cyberwaiter_mission' returned '0': CMAKE_PREFIX_PATH=${CMAKE_PREFIX_PATH}:/opt/ros/humble /usr/bin/cmake --build /home/irene/cyberwaiter/build/cyberwaiter_mission -- -j16 -l16
[12.633s] Invoking command in '/home/irene/cyberwaiter/build/cyberwaiter_mission': CMAKE_PREFIX_PATH=${CMAKE_PREFIX_PATH}:/opt/ros/humble /usr/bin/cmake --install /home/irene/cyberwaiter/build/cyberwaiter_mission
[12.640s] -- Install configuration: ""
[12.640s] -- Installing: /home/irene/cyberwaiter/install/cyberwaiter_mission/lib/cyberwaiter_mission/Mision_Control
[12.647s] -- Set runtime path of "/home/irene/cyberwaiter/install/cyberwaiter_mission/lib/cyberwaiter_mission/Mision_Control" to ""
[12.647s] -- Installing: /home/irene/cyberwaiter/install/cyberwaiter_mission/lib/cyberwaiter_mission/interfaz.py
[12.647s] -- Installing: /home/irene/cyberwaiter/install/cyberwaiter_mission/share/cyberwaiter_mission/launch
[12.648s] -- Installing: /home/irene/cyberwaiter/install/cyberwaiter_mission/share/cyberwaiter_mission/launch/cyberwaiter.launch.py
[12.648s] -- Installing: /home/irene/cyberwaiter/install/cyberwaiter_mission/share/ament_index/resource_index/package_run_dependencies/cyberwaiter_mission
[12.648s] -- Installing: /home/irene/cyberwaiter/install/cyberwaiter_mission/share/ament_index/resource_index/parent_prefix_path/cyberwaiter_mission
[12.648s] -- Installing: /home/irene/cyberwaiter/install/cyberwaiter_mission/share/cyberwaiter_mission/environment/ament_prefix_path.sh
[12.648s] -- Installing: /home/irene/cyberwaiter/install/cyberwaiter_mission/share/cyberwaiter_mission/environment/ament_prefix_path.dsv
[12.648s] -- Installing: /home/irene/cyberwaiter/install/cyberwaiter_mission/share/cyberwaiter_mission/environment/path.sh
[12.648s] -- Installing: /home/irene/cyberwaiter/install/cyberwaiter_mission/share/cyberwaiter_mission/environment/path.dsv
[12.648s] -- Installing: /home/irene/cyberwaiter/install/cyberwaiter_mission/share/cyberwaiter_mission/local_setup.bash
[12.649s] -- Installing: /home/irene/cyberwaiter/install/cyberwaiter_mission/share/cyberwaiter_mission/local_setup.sh
[12.649s] -- Installing: /home/irene/cyberwaiter/install/cyberwaiter_mission/share/cyberwaiter_mission/local_setup.zsh
[12.649s] -- Installing: /home/irene/cyberwaiter/install/cyberwaiter_mission/share/cyberwaiter_mission/local_setup.dsv
[12.649s] -- Installing: /home/irene/cyberwaiter/install/cyberwaiter_mission/share/cyberwaiter_mission/package.dsv
[12.649s] -- Installing: /home/irene/cyberwaiter/install/cyberwaiter_mission/share/ament_index/resource_index/packages/cyberwaiter_mission
[12.649s] -- Installing: /home/irene/cyberwaiter/install/cyberwaiter_mission/share/cyberwaiter_mission/cmake/cyberwaiter_missionConfig.cmake
[12.649s] -- Installing: /home/irene/cyberwaiter/install/cyberwaiter_mission/share/cyberwaiter_mission/cmake/cyberwaiter_missionConfig-version.cmake
[12.650s] -- Installing: /home/irene/cyberwaiter/install/cyberwaiter_mission/share/cyberwaiter_mission/package.xml
[12.652s] Invoked command in '/home/irene/cyberwaiter/build/cyberwaiter_mission' returned '0': CMAKE_PREFIX_PATH=${CMAKE_PREFIX_PATH}:/opt/ros/humble /usr/bin/cmake --install /home/irene/cyberwaiter/build/cyberwaiter_mission
