[35m[1mConsolidate compiler generated dependencies of target Mision_Control[0m
[100%] Built target Mision_Control
-- Install configuration: ""
-- Up-to-date: /home/irene/cyberwaiter/install/cyberwaiter_mission/lib/cyberwaiter_mission/Mision_Control
-- Installing: /home/irene/cyberwaiter/install/cyberwaiter_mission/lib/cyberwaiter_mission/interfaz.py
-- Up-to-date: /home/irene/cyberwaiter/install/cyberwaiter_mission/share/cyberwaiter_mission/launch
-- Up-to-date: /home/irene/cyberwaiter/install/cyberwaiter_mission/share/cyberwaiter_mission/launch/cyberwaiter.launch.py
-- Up-to-date: /home/irene/cyberwaiter/install/cyberwaiter_mission/share/ament_index/resource_index/package_run_dependencies/cyberwaiter_mission
-- Up-to-date: /home/irene/cyberwaiter/install/cyberwaiter_mission/share/ament_index/resource_index/parent_prefix_path/cyberwaiter_mission
-- Up-to-date: /home/irene/cyberwaiter/install/cyberwaiter_mission/share/cyberwaiter_mission/environment/ament_prefix_path.sh
-- Up-to-date: /home/irene/cyberwaiter/install/cyberwaiter_mission/share/cyberwaiter_mission/environment/ament_prefix_path.dsv
-- Up-to-date: /home/irene/cyberwaiter/install/cyberwaiter_mission/share/cyberwaiter_mission/environment/path.sh
-- Up-to-date: /home/irene/cyberwaiter/install/cyberwaiter_mission/share/cyberwaiter_mission/environment/path.dsv
-- Up-to-date: /home/irene/cyberwaiter/install/cyberwaiter_mission/share/cyberwaiter_mission/local_setup.bash
-- Up-to-date: /home/irene/cyberwaiter/install/cyberwaiter_mission/share/cyberwaiter_mission/local_setup.sh
-- Up-to-date: /home/irene/cyberwaiter/install/cyberwaiter_mission/share/cyberwaiter_mission/local_setup.zsh
-- Up-to-date: /home/irene/cyberwaiter/install/cyberwaiter_mission/share/cyberwaiter_mission/local_setup.dsv
-- Installing: /home/irene/cyberwaiter/install/cyberwaiter_mission/share/cyberwaiter_mission/package.dsv
-- Up-to-date: /home/irene/cyberwaiter/install/cyberwaiter_mission/share/ament_index/resource_index/packages/cyberwaiter_mission
-- Up-to-date: /home/irene/cyberwaiter/install/cyberwaiter_mission/share/cyberwaiter_mission/cmake/cyberwaiter_missionConfig.cmake
-- Up-to-date: /home/irene/cyberwaiter/install/cyberwaiter_mission/share/cyberwaiter_mission/cmake/cyberwaiter_missionConfig-version.cmake
-- Up-to-date: /home/irene/cyberwaiter/install/cyberwaiter_mission/share/cyberwaiter_mission/package.xml
