[0.009s] Invoking command in '/home/irene/cyberwaiter/build/cyberwaiter_mission': CMAKE_PREFIX_PATH=${CMAKE_PREFIX_PATH}:/opt/ros/humble /usr/bin/cmake --build /home/irene/cyberwaiter/build/cyberwaiter_mission -- -j16 -l16
[0.060s] [100%] Built target Mision_Control
[0.072s] Invoked command in '/home/irene/cyberwaiter/build/cyberwaiter_mission' returned '0': CMAKE_PREFIX_PATH=${CMAKE_PREFIX_PATH}:/opt/ros/humble /usr/bin/cmake --build /home/irene/cyberwaiter/build/cyberwaiter_mission -- -j16 -l16
[0.083s] Invoking command in '/home/irene/cyberwaiter/build/cyberwaiter_mission': CMAKE_PREFIX_PATH=${CMAKE_PREFIX_PATH}:/opt/ros/humble /usr/bin/cmake --install /home/irene/cyberwaiter/build/cyberwaiter_mission
[0.089s] -- Install configuration: ""
[0.090s] -- Up-to-date: /home/irene/cyberwaiter/install/cyberwaiter_mission/lib/cyberwaiter_mission/Mision_Control
[0.090s] -- Installing: /home/irene/cyberwaiter/install/cyberwaiter_mission/lib/cyberwaiter_mission/interfaz.py
[0.090s] -- Up-to-date: /home/irene/cyberwaiter/install/cyberwaiter_mission/share/cyberwaiter_mission/launch
[0.090s] -- Up-to-date: /home/irene/cyberwaiter/install/cyberwaiter_mission/share/cyberwaiter_mission/launch/cyberwaiter.launch.py
[0.090s] -- Up-to-date: /home/irene/cyberwaiter/install/cyberwaiter_mission/share/ament_index/resource_index/package_run_dependencies/cyberwaiter_mission
[0.090s] -- Up-to-date: /home/irene/cyberwaiter/install/cyberwaiter_mission/share/ament_index/resource_index/parent_prefix_path/cyberwaiter_mission
[0.090s] -- Up-to-date: /home/irene/cyberwaiter/install/cyberwaiter_mission/share/cyberwaiter_mission/environment/ament_prefix_path.sh
[0.090s] -- Up-to-date: /home/irene/cyberwaiter/install/cyberwaiter_mission/share/cyberwaiter_mission/environment/ament_prefix_path.dsv
[0.090s] -- Up-to-date: /home/irene/cyberwaiter/install/cyberwaiter_mission/share/cyberwaiter_mission/environment/path.sh
[0.090s] -- Up-to-date: /home/irene/cyberwaiter/install/cyberwaiter_mission/share/cyberwaiter_mission/environment/path.dsv
[0.090s] -- Up-to-date: /home/irene/cyberwaiter/install/cyberwaiter_mission/share/cyberwaiter_mission/local_setup.bash
[0.090s] -- Up-to-date: /home/irene/cyberwaiter/install/cyberwaiter_mission/share/cyberwaiter_mission/local_setup.sh
[0.091s] -- Up-to-date: /home/irene/cyberwaiter/install/cyberwaiter_mission/share/cyberwaiter_mission/local_setup.zsh
[0.091s] -- Up-to-date: /home/irene/cyberwaiter/install/cyberwaiter_mission/share/cyberwaiter_mission/local_setup.dsv
[0.091s] -- Installing: /home/irene/cyberwaiter/install/cyberwaiter_mission/share/cyberwaiter_mission/package.dsv
[0.091s] -- Up-to-date: /home/irene/cyberwaiter/install/cyberwaiter_mission/share/ament_index/resource_index/packages/cyberwaiter_mission
[0.091s] -- Up-to-date: /home/irene/cyberwaiter/install/cyberwaiter_mission/share/cyberwaiter_mission/cmake/cyberwaiter_missionConfig.cmake
[0.091s] -- Up-to-date: /home/irene/cyberwaiter/install/cyberwaiter_mission/share/cyberwaiter_mission/cmake/cyberwaiter_missionConfig-version.cmake
[0.091s] -- Up-to-date: /home/irene/cyberwaiter/install/cyberwaiter_mission/share/cyberwaiter_mission/package.xml
[0.092s] Invoked command in '/home/irene/cyberwaiter/build/cyberwaiter_mission' returned '0': CMAKE_PREFIX_PATH=${CMAKE_PREFIX_PATH}:/opt/ros/humble /usr/bin/cmake --install /home/irene/cyberwaiter/build/cyberwaiter_mission
